23:13:36 **** Build of configuration Debug for project blinkC8T6 ****
make -j2 all 
arm-none-eabi-gcc "../Core/Src/main.c" -mcpu=cortex-m3 -std=gnu11 -g3 -DUSE_HAL_DRIVER -DSTM32F103xB -DDEBUG -c -I../Core/Inc -I../Drivers/STM32F1xx_HAL_Driver/Inc -I../Drivers/STM32F1xx_HAL_Driver/Inc/Legacy -I../Drivers/CMSIS/Device/ST/STM32F1xx/Include -I../Drivers/CMSIS/Include -O0 -ffunction-sections -fdata-sections -Wall -fstack-usage -MMD -MP -MF"Core/Src/main.d" -MT"Core/Src/main.o" --specs=nano.specs -mfloat-abi=soft -mthumb -o "Core/Src/main.o"
arm-none-eabi-gcc -o "blinkC8T6.elf" @"objects.list"   -mcpu=cortex-m3 -T"C:\Users\sohaenglee\Desktop\STM32IDE_Projects\blinkC8T6\STM32F103C8TX_FLASH.ld" --specs=nosys.specs -Wl,-Map="blinkC8T6.map" -Wl,--gc-sections -static --specs=nano.specs -mfloat-abi=soft -mthumb -Wl,--start-group -lc -lm -Wl,--end-group
Finished building target: blinkC8T6.elf
 
arm-none-eabi-objdump -h -S  blinkC8T6.elf  > "blinkC8T6.list"
arm-none-eabi-objcopy  -O binary  blinkC8T6.elf  "blinkC8T6.bin"
Finished building: blinkC8T6.bin
Finished building: blinkC8T6.list
 
arm-none-eabi-size   blinkC8T6.elf 
 
   text	   data	    bss	    dec	    hex	filename
   4648	     20	   1572	   6240	   1860	blinkC8T6.elf
Finished building: default.size.stdout
 

23:13:40 Build Finished. 0 errors, 0 warnings. (took 4s.94ms)

