22:37:07 **** Build of configuration Debug for project blinkC8T6 ****
make -j2 all 
arm-none-eabi-gcc "../Drivers/STM32F1xx_HAL_Driver/Src/stm32f1xx_hal.c" -mcpu=cortex-m3 -std=gnu11 -g3 -DUSE_HAL_DRIVER -DSTM32F103xB -DDEBUG -c -I../Core/Inc -I../Drivers/STM32F1xx_HAL_Driver/Inc -I../Drivers/STM32F1xx_HAL_Driver/Inc/Legacy -I../Drivers/CMSIS/Device/ST/STM32F1xx/Include -I../Drivers/CMSIS/Include -O0 -ffunction-sections -fdata-sections -Wall -fstack-usage -MMD -MP -MF"Drivers/STM32F1xx_HAL_Driver/Src/stm32f1xx_hal.d" -MT"Drivers/STM32F1xx_HAL_Driver/Src/stm32f1xx_hal.o" --specs=nano.specs -mfloat-abi=soft -mthumb -o "Drivers/STM32F1xx_HAL_Driver/Src/stm32f1xx_hal.o"
arm-none-eabi-gcc "../Drivers/STM32F1xx_HAL_Driver/Src/stm32f1xx_hal_cortex.c" -mcpu=cortex-m3 -std=gnu11 -g3 -DUSE_HAL_DRIVER -DSTM32F103xB -DDEBUG -c -I../Core/Inc -I../Drivers/STM32F1xx_HAL_Driver/Inc -I../Drivers/STM32F1xx_HAL_Driver/Inc/Legacy -I../Drivers/CMSIS/Device/ST/STM32F1xx/Include -I../Drivers/CMSIS/Include -O0 -ffunction-sections -fdata-sections -Wall -fstack-usage -MMD -MP -MF"Drivers/STM32F1xx_HAL_Driver/Src/stm32f1xx_hal_cortex.d" -MT"Drivers/STM32F1xx_HAL_Driver/Src/stm32f1xx_hal_cortex.o" --specs=nano.specs -mfloat-abi=soft -mthumb -o "Drivers/STM32F1xx_HAL_Driver/Src/stm32f1xx_hal_cortex.o"
arm-none-eabi-gcc "../Drivers/STM32F1xx_HAL_Driver/Src/stm32f1xx_hal_dma.c" -mcpu=cortex-m3 -std=gnu11 -g3 -DUSE_HAL_DRIVER -DSTM32F103xB -DDEBUG -c -I../Core/Inc -I../Drivers/STM32F1xx_HAL_Driver/Inc -I../Drivers/STM32F1xx_HAL_Driver/Inc/Legacy -I../Drivers/CMSIS/Device/ST/STM32F1xx/Include -I../Drivers/CMSIS/Include -O0 -ffunction-sections -fdata-sections -Wall -fstack-usage -MMD -MP -MF"Drivers/STM32F1xx_HAL_Driver/Src/stm32f1xx_hal_dma.d" -MT"Drivers/STM32F1xx_HAL_Driver/Src/stm32f1xx_hal_dma.o" --specs=nano.specs -mfloat-abi=soft -mthumb -o "Drivers/STM32F1xx_HAL_Driver/Src/stm32f1xx_hal_dma.o"
arm-none-eabi-gcc "../Drivers/STM32F1xx_HAL_Driver/Src/stm32f1xx_hal_exti.c" -mcpu=cortex-m3 -std=gnu11 -g3 -DUSE_HAL_DRIVER -DSTM32F103xB -DDEBUG -c -I../Core/Inc -I../Drivers/STM32F1xx_HAL_Driver/Inc -I../Drivers/STM32F1xx_HAL_Driver/Inc/Legacy -I../Drivers/CMSIS/Device/ST/STM32F1xx/Include -I../Drivers/CMSIS/Include -O0 -ffunction-sections -fdata-sections -Wall -fstack-usage -MMD -MP -MF"Drivers/STM32F1xx_HAL_Driver/Src/stm32f1xx_hal_exti.d" -MT"Drivers/STM32F1xx_HAL_Driver/Src/stm32f1xx_hal_exti.o" --specs=nano.specs -mfloat-abi=soft -mthumb -o "Drivers/STM32F1xx_HAL_Driver/Src/stm32f1xx_hal_exti.o"
arm-none-eabi-gcc "../Drivers/STM32F1xx_HAL_Driver/Src/stm32f1xx_hal_flash.c" -mcpu=cortex-m3 -std=gnu11 -g3 -DUSE_HAL_DRIVER -DSTM32F103xB -DDEBUG -c -I../Core/Inc -I../Drivers/STM32F1xx_HAL_Driver/Inc -I../Drivers/STM32F1xx_HAL_Driver/Inc/Legacy -I../Drivers/CMSIS/Device/ST/STM32F1xx/Include -I../Drivers/CMSIS/Include -O0 -ffunction-sections -fdata-sections -Wall -fstack-usage -MMD -MP -MF"Drivers/STM32F1xx_HAL_Driver/Src/stm32f1xx_hal_flash.d" -MT"Drivers/STM32F1xx_HAL_Driver/Src/stm32f1xx_hal_flash.o" --specs=nano.specs -mfloat-abi=soft -mthumb -o "Drivers/STM32F1xx_HAL_Driver/Src/stm32f1xx_hal_flash.o"
arm-none-eabi-gcc "../Drivers/STM32F1xx_HAL_Driver/Src/stm32f1xx_hal_flash_ex.c" -mcpu=cortex-m3 -std=gnu11 -g3 -DUSE_HAL_DRIVER -DSTM32F103xB -DDEBUG -c -I../Core/Inc -I../Drivers/STM32F1xx_HAL_Driver/Inc -I../Drivers/STM32F1xx_HAL_Driver/Inc/Legacy -I../Drivers/CMSIS/Device/ST/STM32F1xx/Include -I../Drivers/CMSIS/Include -O0 -ffunction-sections -fdata-sections -Wall -fstack-usage -MMD -MP -MF"Drivers/STM32F1xx_HAL_Driver/Src/stm32f1xx_hal_flash_ex.d" -MT"Drivers/STM32F1xx_HAL_Driver/Src/stm32f1xx_hal_flash_ex.o" --specs=nano.specs -mfloat-abi=soft -mthumb -o "Drivers/STM32F1xx_HAL_Driver/Src/stm32f1xx_hal_flash_ex.o"
arm-none-eabi-gcc "../Drivers/STM32F1xx_HAL_Driver/Src/stm32f1xx_hal_gpio.c" -mcpu=cortex-m3 -std=gnu11 -g3 -DUSE_HAL_DRIVER -DSTM32F103xB -DDEBUG -c -I../Core/Inc -I../Drivers/STM32F1xx_HAL_Driver/Inc -I../Drivers/STM32F1xx_HAL_Driver/Inc/Legacy -I../Drivers/CMSIS/Device/ST/STM32F1xx/Include -I../Drivers/CMSIS/Include -O0 -ffunction-sections -fdata-sections -Wall -fstack-usage -MMD -MP -MF"Drivers/STM32F1xx_HAL_Driver/Src/stm32f1xx_hal_gpio.d" -MT"Drivers/STM32F1xx_HAL_Driver/Src/stm32f1xx_hal_gpio.o" --specs=nano.specs -mfloat-abi=soft -mthumb -o "Drivers/STM32F1xx_HAL_Driver/Src/stm32f1xx_hal_gpio.o"
arm-none-eabi-gcc "../Drivers/STM32F1xx_HAL_Driver/Src/stm32f1xx_hal_gpio_ex.c" -mcpu=cortex-m3 -std=gnu11 -g3 -DUSE_HAL_DRIVER -DSTM32F103xB -DDEBUG -c -I../Core/Inc -I../Drivers/STM32F1xx_HAL_Driver/Inc -I../Drivers/STM32F1xx_HAL_Driver/Inc/Legacy -I../Drivers/CMSIS/Device/ST/STM32F1xx/Include -I../Drivers/CMSIS/Include -O0 -ffunction-sections -fdata-sections -Wall -fstack-usage -MMD -MP -MF"Drivers/STM32F1xx_HAL_Driver/Src/stm32f1xx_hal_gpio_ex.d" -MT"Drivers/STM32F1xx_HAL_Driver/Src/stm32f1xx_hal_gpio_ex.o" --specs=nano.specs -mfloat-abi=soft -mthumb -o "Drivers/STM32F1xx_HAL_Driver/Src/stm32f1xx_hal_gpio_ex.o"
arm-none-eabi-gcc "../Drivers/STM32F1xx_HAL_Driver/Src/stm32f1xx_hal_pwr.c" -mcpu=cortex-m3 -std=gnu11 -g3 -DUSE_HAL_DRIVER -DSTM32F103xB -DDEBUG -c -I../Core/Inc -I../Drivers/STM32F1xx_HAL_Driver/Inc -I../Drivers/STM32F1xx_HAL_Driver/Inc/Legacy -I../Drivers/CMSIS/Device/ST/STM32F1xx/Include -I../Drivers/CMSIS/Include -O0 -ffunction-sections -fdata-sections -Wall -fstack-usage -MMD -MP -MF"Drivers/STM32F1xx_HAL_Driver/Src/stm32f1xx_hal_pwr.d" -MT"Drivers/STM32F1xx_HAL_Driver/Src/stm32f1xx_hal_pwr.o" --specs=nano.specs -mfloat-abi=soft -mthumb -o "Drivers/STM32F1xx_HAL_Driver/Src/stm32f1xx_hal_pwr.o"
arm-none-eabi-gcc "../Drivers/STM32F1xx_HAL_Driver/Src/stm32f1xx_hal_rcc.c" -mcpu=cortex-m3 -std=gnu11 -g3 -DUSE_HAL_DRIVER -DSTM32F103xB -DDEBUG -c -I../Core/Inc -I../Drivers/STM32F1xx_HAL_Driver/Inc -I../Drivers/STM32F1xx_HAL_Driver/Inc/Legacy -I../Drivers/CMSIS/Device/ST/STM32F1xx/Include -I../Drivers/CMSIS/Include -O0 -ffunction-sections -fdata-sections -Wall -fstack-usage -MMD -MP -MF"Drivers/STM32F1xx_HAL_Driver/Src/stm32f1xx_hal_rcc.d" -MT"Drivers/STM32F1xx_HAL_Driver/Src/stm32f1xx_hal_rcc.o" --specs=nano.specs -mfloat-abi=soft -mthumb -o "Drivers/STM32F1xx_HAL_Driver/Src/stm32f1xx_hal_rcc.o"
arm-none-eabi-gcc "../Drivers/STM32F1xx_HAL_Driver/Src/stm32f1xx_hal_rcc_ex.c" -mcpu=cortex-m3 -std=gnu11 -g3 -DUSE_HAL_DRIVER -DSTM32F103xB -DDEBUG -c -I../Core/Inc -I../Drivers/STM32F1xx_HAL_Driver/Inc -I../Drivers/STM32F1xx_HAL_Driver/Inc/Legacy -I../Drivers/CMSIS/Device/ST/STM32F1xx/Include -I../Drivers/CMSIS/Include -O0 -ffunction-sections -fdata-sections -Wall -fstack-usage -MMD -MP -MF"Drivers/STM32F1xx_HAL_Driver/Src/stm32f1xx_hal_rcc_ex.d" -MT"Drivers/STM32F1xx_HAL_Driver/Src/stm32f1xx_hal_rcc_ex.o" --specs=nano.specs -mfloat-abi=soft -mthumb -o "Drivers/STM32F1xx_HAL_Driver/Src/stm32f1xx_hal_rcc_ex.o"
arm-none-eabi-gcc "../Drivers/STM32F1xx_HAL_Driver/Src/stm32f1xx_hal_tim.c" -mcpu=cortex-m3 -std=gnu11 -g3 -DUSE_HAL_DRIVER -DSTM32F103xB -DDEBUG -c -I../Core/Inc -I../Drivers/STM32F1xx_HAL_Driver/Inc -I../Drivers/STM32F1xx_HAL_Driver/Inc/Legacy -I../Drivers/CMSIS/Device/ST/STM32F1xx/Include -I../Drivers/CMSIS/Include -O0 -ffunction-sections -fdata-sections -Wall -fstack-usage -MMD -MP -MF"Drivers/STM32F1xx_HAL_Driver/Src/stm32f1xx_hal_tim.d" -MT"Drivers/STM32F1xx_HAL_Driver/Src/stm32f1xx_hal_tim.o" --specs=nano.specs -mfloat-abi=soft -mthumb -o "Drivers/STM32F1xx_HAL_Driver/Src/stm32f1xx_hal_tim.o"
arm-none-eabi-gcc "../Drivers/STM32F1xx_HAL_Driver/Src/stm32f1xx_hal_tim_ex.c" -mcpu=cortex-m3 -std=gnu11 -g3 -DUSE_HAL_DRIVER -DSTM32F103xB -DDEBUG -c -I../Core/Inc -I../Drivers/STM32F1xx_HAL_Driver/Inc -I../Drivers/STM32F1xx_HAL_Driver/Inc/Legacy -I../Drivers/CMSIS/Device/ST/STM32F1xx/Include -I../Drivers/CMSIS/Include -O0 -ffunction-sections -fdata-sections -Wall -fstack-usage -MMD -MP -MF"Drivers/STM32F1xx_HAL_Driver/Src/stm32f1xx_hal_tim_ex.d" -MT"Drivers/STM32F1xx_HAL_Driver/Src/stm32f1xx_hal_tim_ex.o" --specs=nano.specs -mfloat-abi=soft -mthumb -o "Drivers/STM32F1xx_HAL_Driver/Src/stm32f1xx_hal_tim_ex.o"
arm-none-eabi-gcc -mcpu=cortex-m3 -g3 -c -x assembler-with-cpp -MMD -MP -MF"Core/Startup/startup_stm32f103c8tx.d" -MT"Core/Startup/startup_stm32f103c8tx.o" --specs=nano.specs -mfloat-abi=soft -mthumb -o "Core/Startup/startup_stm32f103c8tx.o" "../Core/Startup/startup_stm32f103c8tx.s"
arm-none-eabi-gcc "../Core/Src/main.c" -mcpu=cortex-m3 -std=gnu11 -g3 -DUSE_HAL_DRIVER -DSTM32F103xB -DDEBUG -c -I../Core/Inc -I../Drivers/STM32F1xx_HAL_Driver/Inc -I../Drivers/STM32F1xx_HAL_Driver/Inc/Legacy -I../Drivers/CMSIS/Device/ST/STM32F1xx/Include -I../Drivers/CMSIS/Include -O0 -ffunction-sections -fdata-sections -Wall -fstack-usage -MMD -MP -MF"Core/Src/main.d" -MT"Core/Src/main.o" --specs=nano.specs -mfloat-abi=soft -mthumb -o "Core/Src/main.o"
arm-none-eabi-gcc "../Core/Src/stm32f1xx_hal_msp.c" -mcpu=cortex-m3 -std=gnu11 -g3 -DUSE_HAL_DRIVER -DSTM32F103xB -DDEBUG -c -I../Core/Inc -I../Drivers/STM32F1xx_HAL_Driver/Inc -I../Drivers/STM32F1xx_HAL_Driver/Inc/Legacy -I../Drivers/CMSIS/Device/ST/STM32F1xx/Include -I../Drivers/CMSIS/Include -O0 -ffunction-sections -fdata-sections -Wall -fstack-usage -MMD -MP -MF"Core/Src/stm32f1xx_hal_msp.d" -MT"Core/Src/stm32f1xx_hal_msp.o" --specs=nano.specs -mfloat-abi=soft -mthumb -o "Core/Src/stm32f1xx_hal_msp.o"
arm-none-eabi-gcc "../Core/Src/stm32f1xx_it.c" -mcpu=cortex-m3 -std=gnu11 -g3 -DUSE_HAL_DRIVER -DSTM32F103xB -DDEBUG -c -I../Core/Inc -I../Drivers/STM32F1xx_HAL_Driver/Inc -I../Drivers/STM32F1xx_HAL_Driver/Inc/Legacy -I../Drivers/CMSIS/Device/ST/STM32F1xx/Include -I../Drivers/CMSIS/Include -O0 -ffunction-sections -fdata-sections -Wall -fstack-usage -MMD -MP -MF"Core/Src/stm32f1xx_it.d" -MT"Core/Src/stm32f1xx_it.o" --specs=nano.specs -mfloat-abi=soft -mthumb -o "Core/Src/stm32f1xx_it.o"
arm-none-eabi-gcc "../Core/Src/syscalls.c" -mcpu=cortex-m3 -std=gnu11 -g3 -DUSE_HAL_DRIVER -DSTM32F103xB -DDEBUG -c -I../Core/Inc -I../Drivers/STM32F1xx_HAL_Driver/Inc -I../Drivers/STM32F1xx_HAL_Driver/Inc/Legacy -I../Drivers/CMSIS/Device/ST/STM32F1xx/Include -I../Drivers/CMSIS/Include -O0 -ffunction-sections -fdata-sections -Wall -fstack-usage -MMD -MP -MF"Core/Src/syscalls.d" -MT"Core/Src/syscalls.o" --specs=nano.specs -mfloat-abi=soft -mthumb -o "Core/Src/syscalls.o"
arm-none-eabi-gcc "../Core/Src/sysmem.c" -mcpu=cortex-m3 -std=gnu11 -g3 -DUSE_HAL_DRIVER -DSTM32F103xB -DDEBUG -c -I../Core/Inc -I../Drivers/STM32F1xx_HAL_Driver/Inc -I../Drivers/STM32F1xx_HAL_Driver/Inc/Legacy -I../Drivers/CMSIS/Device/ST/STM32F1xx/Include -I../Drivers/CMSIS/Include -O0 -ffunction-sections -fdata-sections -Wall -fstack-usage -MMD -MP -MF"Core/Src/sysmem.d" -MT"Core/Src/sysmem.o" --specs=nano.specs -mfloat-abi=soft -mthumb -o "Core/Src/sysmem.o"
arm-none-eabi-gcc "../Core/Src/system_stm32f1xx.c" -mcpu=cortex-m3 -std=gnu11 -g3 -DUSE_HAL_DRIVER -DSTM32F103xB -DDEBUG -c -I../Core/Inc -I../Drivers/STM32F1xx_HAL_Driver/Inc -I../Drivers/STM32F1xx_HAL_Driver/Inc/Legacy -I../Drivers/CMSIS/Device/ST/STM32F1xx/Include -I../Drivers/CMSIS/Include -O0 -ffunction-sections -fdata-sections -Wall -fstack-usage -MMD -MP -MF"Core/Src/system_stm32f1xx.d" -MT"Core/Src/system_stm32f1xx.o" --specs=nano.specs -mfloat-abi=soft -mthumb -o "Core/Src/system_stm32f1xx.o"
arm-none-eabi-gcc -o "blinkC8T6.elf" @"objects.list"   -mcpu=cortex-m3 -T"C:\Users\sohaenglee\Desktop\STM32IDE_Projects\blinkC8T6\STM32F103C8TX_FLASH.ld" --specs=nosys.specs -Wl,-Map="blinkC8T6.map" -Wl,--gc-sections -static --specs=nano.specs -mfloat-abi=soft -mthumb -Wl,--start-group -lc -lm -Wl,--end-group
Finished building target: blinkC8T6.elf
 
arm-none-eabi-size   blinkC8T6.elf 
arm-none-eabi-objdump -h -S  blinkC8T6.elf  > "blinkC8T6.list"
   text	   data	    bss	    dec	    hex	filename
   4436	     20	   1572	   6028	   178c	blinkC8T6.elf
Finished building: default.size.stdout
 
arm-none-eabi-objcopy  -O binary  blinkC8T6.elf  "blinkC8T6.bin"
Finished building: blinkC8T6.list
 
Finished building: blinkC8T6.bin
 
22:40:45 **** Incremental Build of configuration Debug for project blinkC8T6 ****
make -j2 all 
arm-none-eabi-gcc "../Core/Src/main.c" -mcpu=cortex-m3 -std=gnu11 -g3 -DUSE_HAL_DRIVER -DSTM32F103xB -DDEBUG -c -I../Core/Inc -I../Drivers/STM32F1xx_HAL_Driver/Inc -I../Drivers/STM32F1xx_HAL_Driver/Inc/Legacy -I../Drivers/CMSIS/Device/ST/STM32F1xx/Include -I../Drivers/CMSIS/Include -O0 -ffunction-sections -fdata-sections -Wall -fstack-usage -MMD -MP -MF"Core/Src/main.d" -MT"Core/Src/main.o" --specs=nano.specs -mfloat-abi=soft -mthumb -o "Core/Src/main.o"
arm-none-eabi-gcc -o "blinkC8T6.elf" @"objects.list"   -mcpu=cortex-m3 -T"C:\Users\sohaenglee\Desktop\STM32IDE_Projects\blinkC8T6\STM32F103C8TX_FLASH.ld" --specs=nosys.specs -Wl,-Map="blinkC8T6.map" -Wl,--gc-sections -static --specs=nano.specs -mfloat-abi=soft -mthumb -Wl,--start-group -lc -lm -Wl,--end-group
Finished building target: blinkC8T6.elf
 
arm-none-eabi-objdump -h -S  blinkC8T6.elf  > "blinkC8T6.list"
arm-none-eabi-objcopy  -O binary  blinkC8T6.elf  "blinkC8T6.bin"
Finished building: blinkC8T6.list
Finished building: blinkC8T6.bin
 
 
arm-none-eabi-size   blinkC8T6.elf 
   text	   data	    bss	    dec	    hex	filename
   4580	     20	   1572	   6172	   181c	blinkC8T6.elf
Finished building: default.size.stdout
 
22:42:58 **** Incremental Build of configuration Debug for project blinkC8T6 ****
make -j2 all 
arm-none-eabi-gcc "../Core/Src/main.c" -mcpu=cortex-m3 -std=gnu11 -g3 -DUSE_HAL_DRIVER -DSTM32F103xB -DDEBUG -c -I../Core/Inc -I../Drivers/STM32F1xx_HAL_Driver/Inc -I../Drivers/STM32F1xx_HAL_Driver/Inc/Legacy -I../Drivers/CMSIS/Device/ST/STM32F1xx/Include -I../Drivers/CMSIS/Include -O0 -ffunction-sections -fdata-sections -Wall -fstack-usage -MMD -MP -MF"Core/Src/main.d" -MT"Core/Src/main.o" --specs=nano.specs -mfloat-abi=soft -mthumb -o "Core/Src/main.o"
arm-none-eabi-gcc -o "blinkC8T6.elf" @"objects.list"   -mcpu=cortex-m3 -T"C:\Users\sohaenglee\Desktop\STM32IDE_Projects\blinkC8T6\STM32F103C8TX_FLASH.ld" --specs=nosys.specs -Wl,-Map="blinkC8T6.map" -Wl,--gc-sections -static --specs=nano.specs -mfloat-abi=soft -mthumb -Wl,--start-group -lc -lm -Wl,--end-group
Finished building target: blinkC8T6.elf
 
arm-none-eabi-objdump -h -S  blinkC8T6.elf  > "blinkC8T6.list"
arm-none-eabi-objcopy  -O binary  blinkC8T6.elf  "blinkC8T6.bin"
Finished building: blinkC8T6.bin
Finished building: blinkC8T6.list
 
 
arm-none-eabi-size   blinkC8T6.elf 
   text	   data	    bss	    dec	    hex	filename
   4580	     20	   1572	   6172	   181c	blinkC8T6.elf
Finished building: default.size.stdout
 
22:43:28 **** Incremental Build of configuration Debug for project blinkC8T6 ****
make -j2 all 
arm-none-eabi-size   blinkC8T6.elf 
   text	   data	    bss	    dec	    hex	filename
   4580	     20	   1572	   6172	   181c	blinkC8T6.elf
Finished building: default.size.stdout
 
22:44:27 **** Incremental Build of configuration Debug for project blinkC8T6 ****
make -j2 all 
arm-none-eabi-size   blinkC8T6.elf 
   text	   data	    bss	    dec	    hex	filename
   4580	     20	   1572	   6172	   181c	blinkC8T6.elf
Finished building: default.size.stdout
 
22:51:46 **** Incremental Build of configuration Debug for project blinkC8T6 ****
make -j2 all 
arm-none-eabi-gcc "../Drivers/STM32F1xx_HAL_Driver/Src/stm32f1xx_hal.c" -mcpu=cortex-m3 -std=gnu11 -g3 -DUSE_HAL_DRIVER -DSTM32F103xB -DDEBUG -c -I../Core/Inc -I../Drivers/STM32F1xx_HAL_Driver/Inc -I../Drivers/STM32F1xx_HAL_Driver/Inc/Legacy -I../Drivers/CMSIS/Device/ST/STM32F1xx/Include -I../Drivers/CMSIS/Include -O0 -ffunction-sections -fdata-sections -Wall -fstack-usage -MMD -MP -MF"Drivers/STM32F1xx_HAL_Driver/Src/stm32f1xx_hal.d" -MT"Drivers/STM32F1xx_HAL_Driver/Src/stm32f1xx_hal.o" --specs=nano.specs -mfloat-abi=soft -mthumb -o "Drivers/STM32F1xx_HAL_Driver/Src/stm32f1xx_hal.o"
arm-none-eabi-gcc "../Drivers/STM32F1xx_HAL_Driver/Src/stm32f1xx_hal_cortex.c" -mcpu=cortex-m3 -std=gnu11 -g3 -DUSE_HAL_DRIVER -DSTM32F103xB -DDEBUG -c -I../Core/Inc -I../Drivers/STM32F1xx_HAL_Driver/Inc -I../Drivers/STM32F1xx_HAL_Driver/Inc/Legacy -I../Drivers/CMSIS/Device/ST/STM32F1xx/Include -I../Drivers/CMSIS/Include -O0 -ffunction-sections -fdata-sections -Wall -fstack-usage -MMD -MP -MF"Drivers/STM32F1xx_HAL_Driver/Src/stm32f1xx_hal_cortex.d" -MT"Drivers/STM32F1xx_HAL_Driver/Src/stm32f1xx_hal_cortex.o" --specs=nano.specs -mfloat-abi=soft -mthumb -o "Drivers/STM32F1xx_HAL_Driver/Src/stm32f1xx_hal_cortex.o"
arm-none-eabi-gcc "../Drivers/STM32F1xx_HAL_Driver/Src/stm32f1xx_hal_dma.c" -mcpu=cortex-m3 -std=gnu11 -g3 -DUSE_HAL_DRIVER -DSTM32F103xB -DDEBUG -c -I../Core/Inc -I../Drivers/STM32F1xx_HAL_Driver/Inc -I../Drivers/STM32F1xx_HAL_Driver/Inc/Legacy -I../Drivers/CMSIS/Device/ST/STM32F1xx/Include -I../Drivers/CMSIS/Include -O0 -ffunction-sections -fdata-sections -Wall -fstack-usage -MMD -MP -MF"Drivers/STM32F1xx_HAL_Driver/Src/stm32f1xx_hal_dma.d" -MT"Drivers/STM32F1xx_HAL_Driver/Src/stm32f1xx_hal_dma.o" --specs=nano.specs -mfloat-abi=soft -mthumb -o "Drivers/STM32F1xx_HAL_Driver/Src/stm32f1xx_hal_dma.o"
arm-none-eabi-gcc "../Drivers/STM32F1xx_HAL_Driver/Src/stm32f1xx_hal_exti.c" -mcpu=cortex-m3 -std=gnu11 -g3 -DUSE_HAL_DRIVER -DSTM32F103xB -DDEBUG -c -I../Core/Inc -I../Drivers/STM32F1xx_HAL_Driver/Inc -I../Drivers/STM32F1xx_HAL_Driver/Inc/Legacy -I../Drivers/CMSIS/Device/ST/STM32F1xx/Include -I../Drivers/CMSIS/Include -O0 -ffunction-sections -fdata-sections -Wall -fstack-usage -MMD -MP -MF"Drivers/STM32F1xx_HAL_Driver/Src/stm32f1xx_hal_exti.d" -MT"Drivers/STM32F1xx_HAL_Driver/Src/stm32f1xx_hal_exti.o" --specs=nano.specs -mfloat-abi=soft -mthumb -o "Drivers/STM32F1xx_HAL_Driver/Src/stm32f1xx_hal_exti.o"
arm-none-eabi-gcc "../Drivers/STM32F1xx_HAL_Driver/Src/stm32f1xx_hal_flash.c" -mcpu=cortex-m3 -std=gnu11 -g3 -DUSE_HAL_DRIVER -DSTM32F103xB -DDEBUG -c -I../Core/Inc -I../Drivers/STM32F1xx_HAL_Driver/Inc -I../Drivers/STM32F1xx_HAL_Driver/Inc/Legacy -I../Drivers/CMSIS/Device/ST/STM32F1xx/Include -I../Drivers/CMSIS/Include -O0 -ffunction-sections -fdata-sections -Wall -fstack-usage -MMD -MP -MF"Drivers/STM32F1xx_HAL_Driver/Src/stm32f1xx_hal_flash.d" -MT"Drivers/STM32F1xx_HAL_Driver/Src/stm32f1xx_hal_flash.o" --specs=nano.specs -mfloat-abi=soft -mthumb -o "Drivers/STM32F1xx_HAL_Driver/Src/stm32f1xx_hal_flash.o"
arm-none-eabi-gcc "../Drivers/STM32F1xx_HAL_Driver/Src/stm32f1xx_hal_flash_ex.c" -mcpu=cortex-m3 -std=gnu11 -g3 -DUSE_HAL_DRIVER -DSTM32F103xB -DDEBUG -c -I../Core/Inc -I../Drivers/STM32F1xx_HAL_Driver/Inc -I../Drivers/STM32F1xx_HAL_Driver/Inc/Legacy -I../Drivers/CMSIS/Device/ST/STM32F1xx/Include -I../Drivers/CMSIS/Include -O0 -ffunction-sections -fdata-sections -Wall -fstack-usage -MMD -MP -MF"Drivers/STM32F1xx_HAL_Driver/Src/stm32f1xx_hal_flash_ex.d" -MT"Drivers/STM32F1xx_HAL_Driver/Src/stm32f1xx_hal_flash_ex.o" --specs=nano.specs -mfloat-abi=soft -mthumb -o "Drivers/STM32F1xx_HAL_Driver/Src/stm32f1xx_hal_flash_ex.o"
arm-none-eabi-gcc "../Drivers/STM32F1xx_HAL_Driver/Src/stm32f1xx_hal_gpio.c" -mcpu=cortex-m3 -std=gnu11 -g3 -DUSE_HAL_DRIVER -DSTM32F103xB -DDEBUG -c -I../Core/Inc -I../Drivers/STM32F1xx_HAL_Driver/Inc -I../Drivers/STM32F1xx_HAL_Driver/Inc/Legacy -I../Drivers/CMSIS/Device/ST/STM32F1xx/Include -I../Drivers/CMSIS/Include -O0 -ffunction-sections -fdata-sections -Wall -fstack-usage -MMD -MP -MF"Drivers/STM32F1xx_HAL_Driver/Src/stm32f1xx_hal_gpio.d" -MT"Drivers/STM32F1xx_HAL_Driver/Src/stm32f1xx_hal_gpio.o" --specs=nano.specs -mfloat-abi=soft -mthumb -o "Drivers/STM32F1xx_HAL_Driver/Src/stm32f1xx_hal_gpio.o"
arm-none-eabi-gcc "../Drivers/STM32F1xx_HAL_Driver/Src/stm32f1xx_hal_gpio_ex.c" -mcpu=cortex-m3 -std=gnu11 -g3 -DUSE_HAL_DRIVER -DSTM32F103xB -DDEBUG -c -I../Core/Inc -I../Drivers/STM32F1xx_HAL_Driver/Inc -I../Drivers/STM32F1xx_HAL_Driver/Inc/Legacy -I../Drivers/CMSIS/Device/ST/STM32F1xx/Include -I../Drivers/CMSIS/Include -O0 -ffunction-sections -fdata-sections -Wall -fstack-usage -MMD -MP -MF"Drivers/STM32F1xx_HAL_Driver/Src/stm32f1xx_hal_gpio_ex.d" -MT"Drivers/STM32F1xx_HAL_Driver/Src/stm32f1xx_hal_gpio_ex.o" --specs=nano.specs -mfloat-abi=soft -mthumb -o "Drivers/STM32F1xx_HAL_Driver/Src/stm32f1xx_hal_gpio_ex.o"
arm-none-eabi-gcc "../Drivers/STM32F1xx_HAL_Driver/Src/stm32f1xx_hal_pwr.c" -mcpu=cortex-m3 -std=gnu11 -g3 -DUSE_HAL_DRIVER -DSTM32F103xB -DDEBUG -c -I../Core/Inc -I../Drivers/STM32F1xx_HAL_Driver/Inc -I../Drivers/STM32F1xx_HAL_Driver/Inc/Legacy -I../Drivers/CMSIS/Device/ST/STM32F1xx/Include -I../Drivers/CMSIS/Include -O0 -ffunction-sections -fdata-sections -Wall -fstack-usage -MMD -MP -MF"Drivers/STM32F1xx_HAL_Driver/Src/stm32f1xx_hal_pwr.d" -MT"Drivers/STM32F1xx_HAL_Driver/Src/stm32f1xx_hal_pwr.o" --specs=nano.specs -mfloat-abi=soft -mthumb -o "Drivers/STM32F1xx_HAL_Driver/Src/stm32f1xx_hal_pwr.o"
arm-none-eabi-gcc "../Drivers/STM32F1xx_HAL_Driver/Src/stm32f1xx_hal_rcc.c" -mcpu=cortex-m3 -std=gnu11 -g3 -DUSE_HAL_DRIVER -DSTM32F103xB -DDEBUG -c -I../Core/Inc -I../Drivers/STM32F1xx_HAL_Driver/Inc -I../Drivers/STM32F1xx_HAL_Driver/Inc/Legacy -I../Drivers/CMSIS/Device/ST/STM32F1xx/Include -I../Drivers/CMSIS/Include -O0 -ffunction-sections -fdata-sections -Wall -fstack-usage -MMD -MP -MF"Drivers/STM32F1xx_HAL_Driver/Src/stm32f1xx_hal_rcc.d" -MT"Drivers/STM32F1xx_HAL_Driver/Src/stm32f1xx_hal_rcc.o" --specs=nano.specs -mfloat-abi=soft -mthumb -o "Drivers/STM32F1xx_HAL_Driver/Src/stm32f1xx_hal_rcc.o"
arm-none-eabi-gcc "../Drivers/STM32F1xx_HAL_Driver/Src/stm32f1xx_hal_rcc_ex.c" -mcpu=cortex-m3 -std=gnu11 -g3 -DUSE_HAL_DRIVER -DSTM32F103xB -DDEBUG -c -I../Core/Inc -I../Drivers/STM32F1xx_HAL_Driver/Inc -I../Drivers/STM32F1xx_HAL_Driver/Inc/Legacy -I../Drivers/CMSIS/Device/ST/STM32F1xx/Include -I../Drivers/CMSIS/Include -O0 -ffunction-sections -fdata-sections -Wall -fstack-usage -MMD -MP -MF"Drivers/STM32F1xx_HAL_Driver/Src/stm32f1xx_hal_rcc_ex.d" -MT"Drivers/STM32F1xx_HAL_Driver/Src/stm32f1xx_hal_rcc_ex.o" --specs=nano.specs -mfloat-abi=soft -mthumb -o "Drivers/STM32F1xx_HAL_Driver/Src/stm32f1xx_hal_rcc_ex.o"
arm-none-eabi-gcc "../Drivers/STM32F1xx_HAL_Driver/Src/stm32f1xx_hal_tim.c" -mcpu=cortex-m3 -std=gnu11 -g3 -DUSE_HAL_DRIVER -DSTM32F103xB -DDEBUG -c -I../Core/Inc -I../Drivers/STM32F1xx_HAL_Driver/Inc -I../Drivers/STM32F1xx_HAL_Driver/Inc/Legacy -I../Drivers/CMSIS/Device/ST/STM32F1xx/Include -I../Drivers/CMSIS/Include -O0 -ffunction-sections -fdata-sections -Wall -fstack-usage -MMD -MP -MF"Drivers/STM32F1xx_HAL_Driver/Src/stm32f1xx_hal_tim.d" -MT"Drivers/STM32F1xx_HAL_Driver/Src/stm32f1xx_hal_tim.o" --specs=nano.specs -mfloat-abi=soft -mthumb -o "Drivers/STM32F1xx_HAL_Driver/Src/stm32f1xx_hal_tim.o"
arm-none-eabi-gcc "../Drivers/STM32F1xx_HAL_Driver/Src/stm32f1xx_hal_tim_ex.c" -mcpu=cortex-m3 -std=gnu11 -g3 -DUSE_HAL_DRIVER -DSTM32F103xB -DDEBUG -c -I../Core/Inc -I../Drivers/STM32F1xx_HAL_Driver/Inc -I../Drivers/STM32F1xx_HAL_Driver/Inc/Legacy -I../Drivers/CMSIS/Device/ST/STM32F1xx/Include -I../Drivers/CMSIS/Include -O0 -ffunction-sections -fdata-sections -Wall -fstack-usage -MMD -MP -MF"Drivers/STM32F1xx_HAL_Driver/Src/stm32f1xx_hal_tim_ex.d" -MT"Drivers/STM32F1xx_HAL_Driver/Src/stm32f1xx_hal_tim_ex.o" --specs=nano.specs -mfloat-abi=soft -mthumb -o "Drivers/STM32F1xx_HAL_Driver/Src/stm32f1xx_hal_tim_ex.o"
arm-none-eabi-gcc "../Core/Src/main.c" -mcpu=cortex-m3 -std=gnu11 -g3 -DUSE_HAL_DRIVER -DSTM32F103xB -DDEBUG -c -I../Core/Inc -I../Drivers/STM32F1xx_HAL_Driver/Inc -I../Drivers/STM32F1xx_HAL_Driver/Inc/Legacy -I../Drivers/CMSIS/Device/ST/STM32F1xx/Include -I../Drivers/CMSIS/Include -O0 -ffunction-sections -fdata-sections -Wall -fstack-usage -MMD -MP -MF"Core/Src/main.d" -MT"Core/Src/main.o" --specs=nano.specs -mfloat-abi=soft -mthumb -o "Core/Src/main.o"
arm-none-eabi-gcc "../Core/Src/stm32f1xx_hal_msp.c" -mcpu=cortex-m3 -std=gnu11 -g3 -DUSE_HAL_DRIVER -DSTM32F103xB -DDEBUG -c -I../Core/Inc -I../Drivers/STM32F1xx_HAL_Driver/Inc -I../Drivers/STM32F1xx_HAL_Driver/Inc/Legacy -I../Drivers/CMSIS/Device/ST/STM32F1xx/Include -I../Drivers/CMSIS/Include -O0 -ffunction-sections -fdata-sections -Wall -fstack-usage -MMD -MP -MF"Core/Src/stm32f1xx_hal_msp.d" -MT"Core/Src/stm32f1xx_hal_msp.o" --specs=nano.specs -mfloat-abi=soft -mthumb -o "Core/Src/stm32f1xx_hal_msp.o"
arm-none-eabi-gcc "../Core/Src/stm32f1xx_it.c" -mcpu=cortex-m3 -std=gnu11 -g3 -DUSE_HAL_DRIVER -DSTM32F103xB -DDEBUG -c -I../Core/Inc -I../Drivers/STM32F1xx_HAL_Driver/Inc -I../Drivers/STM32F1xx_HAL_Driver/Inc/Legacy -I../Drivers/CMSIS/Device/ST/STM32F1xx/Include -I../Drivers/CMSIS/Include -O0 -ffunction-sections -fdata-sections -Wall -fstack-usage -MMD -MP -MF"Core/Src/stm32f1xx_it.d" -MT"Core/Src/stm32f1xx_it.o" --specs=nano.specs -mfloat-abi=soft -mthumb -o "Core/Src/stm32f1xx_it.o"
arm-none-eabi-gcc "../Core/Src/system_stm32f1xx.c" -mcpu=cortex-m3 -std=gnu11 -g3 -DUSE_HAL_DRIVER -DSTM32F103xB -DDEBUG -c -I../Core/Inc -I../Drivers/STM32F1xx_HAL_Driver/Inc -I../Drivers/STM32F1xx_HAL_Driver/Inc/Legacy -I../Drivers/CMSIS/Device/ST/STM32F1xx/Include -I../Drivers/CMSIS/Include -O0 -ffunction-sections -fdata-sections -Wall -fstack-usage -MMD -MP -MF"Core/Src/system_stm32f1xx.d" -MT"Core/Src/system_stm32f1xx.o" --specs=nano.specs -mfloat-abi=soft -mthumb -o "Core/Src/system_stm32f1xx.o"
arm-none-eabi-gcc -o "blinkC8T6.elf" @"objects.list"   -mcpu=cortex-m3 -T"C:\Users\sohaenglee\Desktop\STM32IDE_Projects\blinkC8T6\STM32F103C8TX_FLASH.ld" --specs=nosys.specs -Wl,-Map="blinkC8T6.map" -Wl,--gc-sections -static --specs=nano.specs -mfloat-abi=soft -mthumb -Wl,--start-group -lc -lm -Wl,--end-group
Finished building target: blinkC8T6.elf
 
arm-none-eabi-objdump -h -S  blinkC8T6.elf  > "blinkC8T6.list"
arm-none-eabi-objcopy  -O binary  blinkC8T6.elf  "blinkC8T6.bin"
Finished building: blinkC8T6.list
Finished building: blinkC8T6.bin
 
 
arm-none-eabi-size   blinkC8T6.elf 
   text	   data	    bss	    dec	    hex	filename
   4664	     20	   1572	   6256	   1870	blinkC8T6.elf
Finished building: default.size.stdout
 
22:55:40 **** Incremental Build of configuration Debug for project blinkC8T6 ****
make -j2 all 
arm-none-eabi-gcc "../Core/Src/main.c" -mcpu=cortex-m3 -std=gnu11 -g3 -DUSE_HAL_DRIVER -DSTM32F103xB -DDEBUG -c -I../Core/Inc -I../Drivers/STM32F1xx_HAL_Driver/Inc -I../Drivers/STM32F1xx_HAL_Driver/Inc/Legacy -I../Drivers/CMSIS/Device/ST/STM32F1xx/Include -I../Drivers/CMSIS/Include -O0 -ffunction-sections -fdata-sections -Wall -fstack-usage -MMD -MP -MF"Core/Src/main.d" -MT"Core/Src/main.o" --specs=nano.specs -mfloat-abi=soft -mthumb -o "Core/Src/main.o"
arm-none-eabi-gcc -o "blinkC8T6.elf" @"objects.list"   -mcpu=cortex-m3 -T"C:\Users\sohaenglee\Desktop\STM32IDE_Projects\blinkC8T6\STM32F103C8TX_FLASH.ld" --specs=nosys.specs -Wl,-Map="blinkC8T6.map" -Wl,--gc-sections -static --specs=nano.specs -mfloat-abi=soft -mthumb -Wl,--start-group -lc -lm -Wl,--end-group
Finished building target: blinkC8T6.elf
 
arm-none-eabi-objdump -h -S  blinkC8T6.elf  > "blinkC8T6.list"
arm-none-eabi-objcopy  -O binary  blinkC8T6.elf  "blinkC8T6.bin"
Finished building: blinkC8T6.bin
Finished building: blinkC8T6.list
 
arm-none-eabi-size   blinkC8T6.elf 
 
   text	   data	    bss	    dec	    hex	filename
   4660	     20	   1572	   6252	   186c	blinkC8T6.elf
Finished building: default.size.stdout
 
23:05:54 **** Incremental Build of configuration Debug for project blinkC8T6 ****
make -j2 all 
arm-none-eabi-size   blinkC8T6.elf 
   text	   data	    bss	    dec	    hex	filename
   4660	     20	   1572	   6252	   186c	blinkC8T6.elf
Finished building: default.size.stdout
 
23:06:39 **** Incremental Build of configuration Debug for project blinkC8T6 ****
make -j2 all 
arm-none-eabi-size   blinkC8T6.elf 
   text	   data	    bss	    dec	    hex	filename
   4660	     20	   1572	   6252	   186c	blinkC8T6.elf
Finished building: default.size.stdout
 
23:13:36 **** Build of configuration Debug for project blinkC8T6 ****
make -j2 all 
arm-none-eabi-gcc "../Core/Src/main.c" -mcpu=cortex-m3 -std=gnu11 -g3 -DUSE_HAL_DRIVER -DSTM32F103xB -DDEBUG -c -I../Core/Inc -I../Drivers/STM32F1xx_HAL_Driver/Inc -I../Drivers/STM32F1xx_HAL_Driver/Inc/Legacy -I../Drivers/CMSIS/Device/ST/STM32F1xx/Include -I../Drivers/CMSIS/Include -O0 -ffunction-sections -fdata-sections -Wall -fstack-usage -MMD -MP -MF"Core/Src/main.d" -MT"Core/Src/main.o" --specs=nano.specs -mfloat-abi=soft -mthumb -o "Core/Src/main.o"
arm-none-eabi-gcc -o "blinkC8T6.elf" @"objects.list"   -mcpu=cortex-m3 -T"C:\Users\sohaenglee\Desktop\STM32IDE_Projects\blinkC8T6\STM32F103C8TX_FLASH.ld" --specs=nosys.specs -Wl,-Map="blinkC8T6.map" -Wl,--gc-sections -static --specs=nano.specs -mfloat-abi=soft -mthumb -Wl,--start-group -lc -lm -Wl,--end-group
Finished building target: blinkC8T6.elf
 
arm-none-eabi-objdump -h -S  blinkC8T6.elf  > "blinkC8T6.list"
arm-none-eabi-objcopy  -O binary  blinkC8T6.elf  "blinkC8T6.bin"
Finished building: blinkC8T6.bin
Finished building: blinkC8T6.list
 
arm-none-eabi-size   blinkC8T6.elf 
 
   text	   data	    bss	    dec	    hex	filename
   4648	     20	   1572	   6240	   1860	blinkC8T6.elf
Finished building: default.size.stdout
 
23:36:14 **** Clean-only build of configuration Debug for project STM32F103_BLUE_LCD ****
make clean 
make: *** No rule to make target 'clean'.  Stop.
"make clean" terminated with exit code 2. Build might be incomplete.
23:36:16 **** Build of configuration Debug for project STM32F103_BLUE_LCD ****
make all 
arm-none-eabi-gcc -c "../Src/KOR_FONT.c" -mcpu=cortex-m3 -std=gnu11 -g3 '-D__weak=__attribute__((weak))' '-D__packed=__attribute__((__packed__))' -DUSE_HAL_DRIVER -DSTM32F103xB -c -I../Inc -I../Drivers/STM32F1xx_HAL_Driver/Inc -I../Drivers/STM32F1xx_HAL_Driver/Inc/Legacy -I../Drivers/CMSIS/Device/ST/STM32F1xx/Include -I../Drivers/CMSIS/Include -Os -ffunction-sections -fdata-sections -Wall -fstack-usage -MMD -MP -MF"Src/KOR_FONT.d" -MT"Src/KOR_FONT.o"  -mfloat-abi=soft -mthumb -o "Src/KOR_FONT.o"
arm-none-eabi-gcc -c "../Src/LTM022A69B.c" -mcpu=cortex-m3 -std=gnu11 -g3 '-D__weak=__attribute__((weak))' '-D__packed=__attribute__((__packed__))' -DUSE_HAL_DRIVER -DSTM32F103xB -c -I../Inc -I../Drivers/STM32F1xx_HAL_Driver/Inc -I../Drivers/STM32F1xx_HAL_Driver/Inc/Legacy -I../Drivers/CMSIS/Device/ST/STM32F1xx/Include -I../Drivers/CMSIS/Include -Os -ffunction-sections -fdata-sections -Wall -fstack-usage -MMD -MP -MF"Src/LTM022A69B.d" -MT"Src/LTM022A69B.o"  -mfloat-abi=soft -mthumb -o "Src/LTM022A69B.o"
arm-none-eabi-gcc -c "../Src/main.c" -mcpu=cortex-m3 -std=gnu11 -g3 '-D__weak=__attribute__((weak))' '-D__packed=__attribute__((__packed__))' -DUSE_HAL_DRIVER -DSTM32F103xB -c -I../Inc -I../Drivers/STM32F1xx_HAL_Driver/Inc -I../Drivers/STM32F1xx_HAL_Driver/Inc/Legacy -I../Drivers/CMSIS/Device/ST/STM32F1xx/Include -I../Drivers/CMSIS/Include -Os -ffunction-sections -fdata-sections -Wall -fstack-usage -MMD -MP -MF"Src/main.d" -MT"Src/main.o"  -mfloat-abi=soft -mthumb -o "Src/main.o"
arm-none-eabi-gcc -o "STM32F103_BLUE_LCD.elf" @"objects.list"   -mcpu=cortex-m3 -T"../STM32F103C8_FLASH.ld" --specs=nosys.specs -Wl,-Map="STM32F103_BLUE_LCD.map" -Wl,--gc-sections -static  -mfloat-abi=soft -mthumb -Wl,--start-group -lc -lm -Wl,--end-group
Finished building target: STM32F103_BLUE_LCD.elf
 
arm-none-eabi-size   STM32F103_BLUE_LCD.elf 
   text	   data	    bss	    dec	    hex	filename
  37792	   2628	   2308	  42728	   a6e8	STM32F103_BLUE_LCD.elf
Finished building: default.size.stdout
 
arm-none-eabi-objdump -h -S  STM32F103_BLUE_LCD.elf  > "STM32F103_BLUE_LCD.list"
Finished building: STM32F103_BLUE_LCD.list
 
arm-none-eabi-objcopy  -O binary  STM32F103_BLUE_LCD.elf  "STM32F103_BLUE_LCD.bin"
Finished building: STM32F103_BLUE_LCD.bin
 
arm-none-eabi-objcopy.exe -O ihex "STM32F103_BLUE_LCD.elf" "STM32F103_BLUE_LCD.hex"
 
23:36:51 **** Incremental Build of configuration Debug for project STM32F103_BLUE_LCD ****
make all 
arm-none-eabi-size   STM32F103_BLUE_LCD.elf 
   text	   data	    bss	    dec	    hex	filename
  37792	   2628	   2308	  42728	   a6e8	STM32F103_BLUE_LCD.elf
Finished building: default.size.stdout
 
arm-none-eabi-objcopy.exe -O ihex "STM32F103_BLUE_LCD.elf" "STM32F103_BLUE_LCD.hex"
 
23:39:33 **** Incremental Build of configuration Debug for project STM32F103_BLUE_LCD ****
make all 
arm-none-eabi-size   STM32F103_BLUE_LCD.elf 
   text	   data	    bss	    dec	    hex	filename
  37792	   2628	   2308	  42728	   a6e8	STM32F103_BLUE_LCD.elf
Finished building: default.size.stdout
 
arm-none-eabi-objcopy.exe -O ihex "STM32F103_BLUE_LCD.elf" "STM32F103_BLUE_LCD.hex"
 
23:39:55 **** Incremental Build of configuration Debug for project STM32F103_BLUE_LCD ****
make all 
arm-none-eabi-gcc -c "../Src/main.c" -mcpu=cortex-m3 -std=gnu11 -g3 '-D__weak=__attribute__((weak))' '-D__packed=__attribute__((__packed__))' -DUSE_HAL_DRIVER -DSTM32F103xB -c -I../Inc -I../Drivers/STM32F1xx_HAL_Driver/Inc -I../Drivers/STM32F1xx_HAL_Driver/Inc/Legacy -I../Drivers/CMSIS/Device/ST/STM32F1xx/Include -I../Drivers/CMSIS/Include -Os -ffunction-sections -fdata-sections -Wall -fstack-usage -MMD -MP -MF"Src/main.d" -MT"Src/main.o"  -mfloat-abi=soft -mthumb -o "Src/main.o"
arm-none-eabi-gcc -o "STM32F103_BLUE_LCD.elf" @"objects.list"   -mcpu=cortex-m3 -T"../STM32F103C8_FLASH.ld" --specs=nosys.specs -Wl,-Map="STM32F103_BLUE_LCD.map" -Wl,--gc-sections -static  -mfloat-abi=soft -mthumb -u _printf_float -u _scanf_float -Wl,--start-group -lc -lm -Wl,--end-group
Finished building target: STM32F103_BLUE_LCD.elf
 
arm-none-eabi-size   STM32F103_BLUE_LCD.elf 
   text	   data	    bss	    dec	    hex	filename
  37792	   2628	   2308	  42728	   a6e8	STM32F103_BLUE_LCD.elf
Finished building: default.size.stdout
 
arm-none-eabi-objdump -h -S  STM32F103_BLUE_LCD.elf  > "STM32F103_BLUE_LCD.list"
Finished building: STM32F103_BLUE_LCD.list
 
arm-none-eabi-objcopy  -O binary  STM32F103_BLUE_LCD.elf  "STM32F103_BLUE_LCD.bin"
Finished building: STM32F103_BLUE_LCD.bin
 
arm-none-eabi-objcopy.exe -O ihex "STM32F103_BLUE_LCD.elf" "STM32F103_BLUE_LCD.hex"
 
23:40:11 **** Incremental Build of configuration Debug for project STM32F103_BLUE_LCD ****
make all 
arm-none-eabi-size   STM32F103_BLUE_LCD.elf 
   text	   data	    bss	    dec	    hex	filename
  37792	   2628	   2308	  42728	   a6e8	STM32F103_BLUE_LCD.elf
Finished building: default.size.stdout
 
arm-none-eabi-objcopy.exe -O ihex "STM32F103_BLUE_LCD.elf" "STM32F103_BLUE_LCD.hex"
 
19:19:23 **** Clean-only build of configuration Debug for project F103_SSD1306_UART_RTC_FLASH_TEST ****
make clean 
make: *** No rule to make target 'clean'.  Stop.
"make clean" terminated with exit code 2. Build might be incomplete.
19:19:24 **** Build of configuration Debug for project F103_SSD1306_UART_RTC_FLASH_TEST ****
make all 
arm-none-eabi-gcc -o "F103_SSD1306_UART_RTC_FLASH_TEST.elf" @"objects.list"   -mcpu=cortex-m3 -T"../STM32F103C8_FLASH.ld" --specs=nosys.specs -Wl,-Map="F103_SSD1306_UART_RTC_FLASH_TEST.map" -Wl,--gc-sections -static --specs=nano.specs -mfloat-abi=soft -mthumb -Wl,--start-group -lc -lm -Wl,--end-group
Finished building target: F103_SSD1306_UART_RTC_FLASH_TEST.elf
 
arm-none-eabi-size   F103_SSD1306_UART_RTC_FLASH_TEST.elf 
   text	   data	    bss	    dec	    hex	filename
  34836	    852	   8240	  43928	   ab98	F103_SSD1306_UART_RTC_FLASH_TEST.elf
Finished building: default.size.stdout
 
arm-none-eabi-objdump -h -S  F103_SSD1306_UART_RTC_FLASH_TEST.elf  > "F103_SSD1306_UART_RTC_FLASH_TEST.list"
Finished building: F103_SSD1306_UART_RTC_FLASH_TEST.list
 
arm-none-eabi-objcopy  -O binary  F103_SSD1306_UART_RTC_FLASH_TEST.elf  "F103_SSD1306_UART_RTC_FLASH_TEST.bin"
Finished building: F103_SSD1306_UART_RTC_FLASH_TEST.bin
 
arm-none-eabi-objcopy.exe -O ihex "F103_SSD1306_UART_RTC_FLASH_TEST.elf" "F103_SSD1306_UART_RTC_FLASH_TEST.hex"
 
19:19:45 **** Incremental Build of configuration Debug for project F103_SSD1306_UART_RTC_FLASH_TEST ****
make all 
arm-none-eabi-size   F103_SSD1306_UART_RTC_FLASH_TEST.elf 
   text	   data	    bss	    dec	    hex	filename
  34836	    852	   8240	  43928	   ab98	F103_SSD1306_UART_RTC_FLASH_TEST.elf
Finished building: default.size.stdout
 
arm-none-eabi-objcopy.exe -O ihex "F103_SSD1306_UART_RTC_FLASH_TEST.elf" "F103_SSD1306_UART_RTC_FLASH_TEST.hex"
 
19:41:11 **** Build of configuration Debug for project C8T6_FLASHWRITE ****
make -j2 all 
arm-none-eabi-gcc "../Drivers/STM32F1xx_HAL_Driver/Src/stm32f1xx_hal.c" -mcpu=cortex-m3 -std=gnu11 -g3 -DUSE_HAL_DRIVER -DSTM32F103xB -DDEBUG -c -I../Core/Inc -I../Drivers/STM32F1xx_HAL_Driver/Inc -I../Drivers/STM32F1xx_HAL_Driver/Inc/Legacy -I../Drivers/CMSIS/Device/ST/STM32F1xx/Include -I../Drivers/CMSIS/Include -O0 -ffunction-sections -fdata-sections -Wall -fstack-usage -MMD -MP -MF"Drivers/STM32F1xx_HAL_Driver/Src/stm32f1xx_hal.d" -MT"Drivers/STM32F1xx_HAL_Driver/Src/stm32f1xx_hal.o" --specs=nano.specs -mfloat-abi=soft -mthumb -o "Drivers/STM32F1xx_HAL_Driver/Src/stm32f1xx_hal.o"
arm-none-eabi-gcc "../Drivers/STM32F1xx_HAL_Driver/Src/stm32f1xx_hal_cortex.c" -mcpu=cortex-m3 -std=gnu11 -g3 -DUSE_HAL_DRIVER -DSTM32F103xB -DDEBUG -c -I../Core/Inc -I../Drivers/STM32F1xx_HAL_Driver/Inc -I../Drivers/STM32F1xx_HAL_Driver/Inc/Legacy -I../Drivers/CMSIS/Device/ST/STM32F1xx/Include -I../Drivers/CMSIS/Include -O0 -ffunction-sections -fdata-sections -Wall -fstack-usage -MMD -MP -MF"Drivers/STM32F1xx_HAL_Driver/Src/stm32f1xx_hal_cortex.d" -MT"Drivers/STM32F1xx_HAL_Driver/Src/stm32f1xx_hal_cortex.o" --specs=nano.specs -mfloat-abi=soft -mthumb -o "Drivers/STM32F1xx_HAL_Driver/Src/stm32f1xx_hal_cortex.o"
arm-none-eabi-gcc "../Drivers/STM32F1xx_HAL_Driver/Src/stm32f1xx_hal_dma.c" -mcpu=cortex-m3 -std=gnu11 -g3 -DUSE_HAL_DRIVER -DSTM32F103xB -DDEBUG -c -I../Core/Inc -I../Drivers/STM32F1xx_HAL_Driver/Inc -I../Drivers/STM32F1xx_HAL_Driver/Inc/Legacy -I../Drivers/CMSIS/Device/ST/STM32F1xx/Include -I../Drivers/CMSIS/Include -O0 -ffunction-sections -fdata-sections -Wall -fstack-usage -MMD -MP -MF"Drivers/STM32F1xx_HAL_Driver/Src/stm32f1xx_hal_dma.d" -MT"Drivers/STM32F1xx_HAL_Driver/Src/stm32f1xx_hal_dma.o" --specs=nano.specs -mfloat-abi=soft -mthumb -o "Drivers/STM32F1xx_HAL_Driver/Src/stm32f1xx_hal_dma.o"
arm-none-eabi-gcc "../Drivers/STM32F1xx_HAL_Driver/Src/stm32f1xx_hal_exti.c" -mcpu=cortex-m3 -std=gnu11 -g3 -DUSE_HAL_DRIVER -DSTM32F103xB -DDEBUG -c -I../Core/Inc -I../Drivers/STM32F1xx_HAL_Driver/Inc -I../Drivers/STM32F1xx_HAL_Driver/Inc/Legacy -I../Drivers/CMSIS/Device/ST/STM32F1xx/Include -I../Drivers/CMSIS/Include -O0 -ffunction-sections -fdata-sections -Wall -fstack-usage -MMD -MP -MF"Drivers/STM32F1xx_HAL_Driver/Src/stm32f1xx_hal_exti.d" -MT"Drivers/STM32F1xx_HAL_Driver/Src/stm32f1xx_hal_exti.o" --specs=nano.specs -mfloat-abi=soft -mthumb -o "Drivers/STM32F1xx_HAL_Driver/Src/stm32f1xx_hal_exti.o"
arm-none-eabi-gcc "../Drivers/STM32F1xx_HAL_Driver/Src/stm32f1xx_hal_flash.c" -mcpu=cortex-m3 -std=gnu11 -g3 -DUSE_HAL_DRIVER -DSTM32F103xB -DDEBUG -c -I../Core/Inc -I../Drivers/STM32F1xx_HAL_Driver/Inc -I../Drivers/STM32F1xx_HAL_Driver/Inc/Legacy -I../Drivers/CMSIS/Device/ST/STM32F1xx/Include -I../Drivers/CMSIS/Include -O0 -ffunction-sections -fdata-sections -Wall -fstack-usage -MMD -MP -MF"Drivers/STM32F1xx_HAL_Driver/Src/stm32f1xx_hal_flash.d" -MT"Drivers/STM32F1xx_HAL_Driver/Src/stm32f1xx_hal_flash.o" --specs=nano.specs -mfloat-abi=soft -mthumb -o "Drivers/STM32F1xx_HAL_Driver/Src/stm32f1xx_hal_flash.o"
arm-none-eabi-gcc "../Drivers/STM32F1xx_HAL_Driver/Src/stm32f1xx_hal_flash_ex.c" -mcpu=cortex-m3 -std=gnu11 -g3 -DUSE_HAL_DRIVER -DSTM32F103xB -DDEBUG -c -I../Core/Inc -I../Drivers/STM32F1xx_HAL_Driver/Inc -I../Drivers/STM32F1xx_HAL_Driver/Inc/Legacy -I../Drivers/CMSIS/Device/ST/STM32F1xx/Include -I../Drivers/CMSIS/Include -O0 -ffunction-sections -fdata-sections -Wall -fstack-usage -MMD -MP -MF"Drivers/STM32F1xx_HAL_Driver/Src/stm32f1xx_hal_flash_ex.d" -MT"Drivers/STM32F1xx_HAL_Driver/Src/stm32f1xx_hal_flash_ex.o" --specs=nano.specs -mfloat-abi=soft -mthumb -o "Drivers/STM32F1xx_HAL_Driver/Src/stm32f1xx_hal_flash_ex.o"
arm-none-eabi-gcc "../Drivers/STM32F1xx_HAL_Driver/Src/stm32f1xx_hal_gpio.c" -mcpu=cortex-m3 -std=gnu11 -g3 -DUSE_HAL_DRIVER -DSTM32F103xB -DDEBUG -c -I../Core/Inc -I../Drivers/STM32F1xx_HAL_Driver/Inc -I../Drivers/STM32F1xx_HAL_Driver/Inc/Legacy -I../Drivers/CMSIS/Device/ST/STM32F1xx/Include -I../Drivers/CMSIS/Include -O0 -ffunction-sections -fdata-sections -Wall -fstack-usage -MMD -MP -MF"Drivers/STM32F1xx_HAL_Driver/Src/stm32f1xx_hal_gpio.d" -MT"Drivers/STM32F1xx_HAL_Driver/Src/stm32f1xx_hal_gpio.o" --specs=nano.specs -mfloat-abi=soft -mthumb -o "Drivers/STM32F1xx_HAL_Driver/Src/stm32f1xx_hal_gpio.o"
arm-none-eabi-gcc "../Drivers/STM32F1xx_HAL_Driver/Src/stm32f1xx_hal_gpio_ex.c" -mcpu=cortex-m3 -std=gnu11 -g3 -DUSE_HAL_DRIVER -DSTM32F103xB -DDEBUG -c -I../Core/Inc -I../Drivers/STM32F1xx_HAL_Driver/Inc -I../Drivers/STM32F1xx_HAL_Driver/Inc/Legacy -I../Drivers/CMSIS/Device/ST/STM32F1xx/Include -I../Drivers/CMSIS/Include -O0 -ffunction-sections -fdata-sections -Wall -fstack-usage -MMD -MP -MF"Drivers/STM32F1xx_HAL_Driver/Src/stm32f1xx_hal_gpio_ex.d" -MT"Drivers/STM32F1xx_HAL_Driver/Src/stm32f1xx_hal_gpio_ex.o" --specs=nano.specs -mfloat-abi=soft -mthumb -o "Drivers/STM32F1xx_HAL_Driver/Src/stm32f1xx_hal_gpio_ex.o"
arm-none-eabi-gcc "../Drivers/STM32F1xx_HAL_Driver/Src/stm32f1xx_hal_pwr.c" -mcpu=cortex-m3 -std=gnu11 -g3 -DUSE_HAL_DRIVER -DSTM32F103xB -DDEBUG -c -I../Core/Inc -I../Drivers/STM32F1xx_HAL_Driver/Inc -I../Drivers/STM32F1xx_HAL_Driver/Inc/Legacy -I../Drivers/CMSIS/Device/ST/STM32F1xx/Include -I../Drivers/CMSIS/Include -O0 -ffunction-sections -fdata-sections -Wall -fstack-usage -MMD -MP -MF"Drivers/STM32F1xx_HAL_Driver/Src/stm32f1xx_hal_pwr.d" -MT"Drivers/STM32F1xx_HAL_Driver/Src/stm32f1xx_hal_pwr.o" --specs=nano.specs -mfloat-abi=soft -mthumb -o "Drivers/STM32F1xx_HAL_Driver/Src/stm32f1xx_hal_pwr.o"
arm-none-eabi-gcc "../Drivers/STM32F1xx_HAL_Driver/Src/stm32f1xx_hal_rcc.c" -mcpu=cortex-m3 -std=gnu11 -g3 -DUSE_HAL_DRIVER -DSTM32F103xB -DDEBUG -c -I../Core/Inc -I../Drivers/STM32F1xx_HAL_Driver/Inc -I../Drivers/STM32F1xx_HAL_Driver/Inc/Legacy -I../Drivers/CMSIS/Device/ST/STM32F1xx/Include -I../Drivers/CMSIS/Include -O0 -ffunction-sections -fdata-sections -Wall -fstack-usage -MMD -MP -MF"Drivers/STM32F1xx_HAL_Driver/Src/stm32f1xx_hal_rcc.d" -MT"Drivers/STM32F1xx_HAL_Driver/Src/stm32f1xx_hal_rcc.o" --specs=nano.specs -mfloat-abi=soft -mthumb -o "Drivers/STM32F1xx_HAL_Driver/Src/stm32f1xx_hal_rcc.o"
arm-none-eabi-gcc "../Drivers/STM32F1xx_HAL_Driver/Src/stm32f1xx_hal_rcc_ex.c" -mcpu=cortex-m3 -std=gnu11 -g3 -DUSE_HAL_DRIVER -DSTM32F103xB -DDEBUG -c -I../Core/Inc -I../Drivers/STM32F1xx_HAL_Driver/Inc -I../Drivers/STM32F1xx_HAL_Driver/Inc/Legacy -I../Drivers/CMSIS/Device/ST/STM32F1xx/Include -I../Drivers/CMSIS/Include -O0 -ffunction-sections -fdata-sections -Wall -fstack-usage -MMD -MP -MF"Drivers/STM32F1xx_HAL_Driver/Src/stm32f1xx_hal_rcc_ex.d" -MT"Drivers/STM32F1xx_HAL_Driver/Src/stm32f1xx_hal_rcc_ex.o" --specs=nano.specs -mfloat-abi=soft -mthumb -o "Drivers/STM32F1xx_HAL_Driver/Src/stm32f1xx_hal_rcc_ex.o"
arm-none-eabi-gcc "../Drivers/STM32F1xx_HAL_Driver/Src/stm32f1xx_hal_tim.c" -mcpu=cortex-m3 -std=gnu11 -g3 -DUSE_HAL_DRIVER -DSTM32F103xB -DDEBUG -c -I../Core/Inc -I../Drivers/STM32F1xx_HAL_Driver/Inc -I../Drivers/STM32F1xx_HAL_Driver/Inc/Legacy -I../Drivers/CMSIS/Device/ST/STM32F1xx/Include -I../Drivers/CMSIS/Include -O0 -ffunction-sections -fdata-sections -Wall -fstack-usage -MMD -MP -MF"Drivers/STM32F1xx_HAL_Driver/Src/stm32f1xx_hal_tim.d" -MT"Drivers/STM32F1xx_HAL_Driver/Src/stm32f1xx_hal_tim.o" --specs=nano.specs -mfloat-abi=soft -mthumb -o "Drivers/STM32F1xx_HAL_Driver/Src/stm32f1xx_hal_tim.o"
arm-none-eabi-gcc "../Drivers/STM32F1xx_HAL_Driver/Src/stm32f1xx_hal_tim_ex.c" -mcpu=cortex-m3 -std=gnu11 -g3 -DUSE_HAL_DRIVER -DSTM32F103xB -DDEBUG -c -I../Core/Inc -I../Drivers/STM32F1xx_HAL_Driver/Inc -I../Drivers/STM32F1xx_HAL_Driver/Inc/Legacy -I../Drivers/CMSIS/Device/ST/STM32F1xx/Include -I../Drivers/CMSIS/Include -O0 -ffunction-sections -fdata-sections -Wall -fstack-usage -MMD -MP -MF"Drivers/STM32F1xx_HAL_Driver/Src/stm32f1xx_hal_tim_ex.d" -MT"Drivers/STM32F1xx_HAL_Driver/Src/stm32f1xx_hal_tim_ex.o" --specs=nano.specs -mfloat-abi=soft -mthumb -o "Drivers/STM32F1xx_HAL_Driver/Src/stm32f1xx_hal_tim_ex.o"
arm-none-eabi-gcc -mcpu=cortex-m3 -g3 -c -x assembler-with-cpp -MMD -MP -MF"Core/Startup/startup_stm32f103c8tx.d" -MT"Core/Startup/startup_stm32f103c8tx.o" --specs=nano.specs -mfloat-abi=soft -mthumb -o "Core/Startup/startup_stm32f103c8tx.o" "../Core/Startup/startup_stm32f103c8tx.s"
arm-none-eabi-gcc "../Core/Src/flash_eeprom.c" -mcpu=cortex-m3 -std=gnu11 -g3 -DUSE_HAL_DRIVER -DSTM32F103xB -DDEBUG -c -I../Core/Inc -I../Drivers/STM32F1xx_HAL_Driver/Inc -I../Drivers/STM32F1xx_HAL_Driver/Inc/Legacy -I../Drivers/CMSIS/Device/ST/STM32F1xx/Include -I../Drivers/CMSIS/Include -O0 -ffunction-sections -fdata-sections -Wall -fstack-usage -MMD -MP -MF"Core/Src/flash_eeprom.d" -MT"Core/Src/flash_eeprom.o" --specs=nano.specs -mfloat-abi=soft -mthumb -o "Core/Src/flash_eeprom.o"
arm-none-eabi-gcc "../Core/Src/main.c" -mcpu=cortex-m3 -std=gnu11 -g3 -DUSE_HAL_DRIVER -DSTM32F103xB -DDEBUG -c -I../Core/Inc -I../Drivers/STM32F1xx_HAL_Driver/Inc -I../Drivers/STM32F1xx_HAL_Driver/Inc/Legacy -I../Drivers/CMSIS/Device/ST/STM32F1xx/Include -I../Drivers/CMSIS/Include -O0 -ffunction-sections -fdata-sections -Wall -fstack-usage -MMD -MP -MF"Core/Src/main.d" -MT"Core/Src/main.o" --specs=nano.specs -mfloat-abi=soft -mthumb -o "Core/Src/main.o"
../Core/Src/flash_eeprom.c: In function 'flash_memory_erase':
../Core/Src/flash_eeprom.c:30:3: warning: implicit declaration of function 'printf' [-Wimplicit-function-declaration]
   printf("Eraser Error\r\n");
   ^~~~~~
../Core/Src/flash_eeprom.c:30:3: warning: incompatible implicit declaration of built-in function 'printf'
../Core/Src/flash_eeprom.c:30:3: note: include '<stdio.h>' or provide a declaration of 'printf'
../Core/Src/flash_eeprom.c: In function 'flash_memory_read':
../Core/Src/flash_eeprom.c:63:2: warning: incompatible implicit declaration of built-in function 'printf'
  printf("Addr = %X, Data = %d\r\n", USER_DATA1, *(__IO uint32_t *)USER_DATA1);
  ^~~~~~
../Core/Src/flash_eeprom.c:63:2: note: include '<stdio.h>' or provide a declaration of 'printf'
../Core/Src/flash_eeprom.c:63:18: warning: format '%X' expects argument of type 'unsigned int', but argument 2 has type 'long unsigned int' [-Wformat=]
  printf("Addr = %X, Data = %d\r\n", USER_DATA1, *(__IO uint32_t *)USER_DATA1);
                 ~^
                 %lX
../Core/Src/flash_eeprom.c:63:29: warning: format '%d' expects argument of type 'int', but argument 3 has type 'uint32_t {aka volatile long unsigned int}' [-Wformat=]
  printf("Addr = %X, Data = %d\r\n", USER_DATA1, *(__IO uint32_t *)USER_DATA1);
                            ~^
                            %ld
../Core/Src/flash_eeprom.c:64:18: warning: format '%X' expects argument of type 'unsigned int', but argument 2 has type 'long unsigned int' [-Wformat=]
  printf("Addr = %X, Data = %d\r\n", USER_DATA2, *(__IO uint32_t *)USER_DATA2);
                 ~^
                 %lX
../Core/Src/flash_eeprom.c:64:29: warning: format '%d' expects argument of type 'int', but argument 3 has type 'uint32_t {aka volatile long unsigned int}' [-Wformat=]
  printf("Addr = %X, Data = %d\r\n", USER_DATA2, *(__IO uint32_t *)USER_DATA2);
                            ~^
                            %ld
../Core/Src/flash_eeprom.c:65:18: warning: format '%X' expects argument of type 'unsigned int', but argument 2 has type 'long unsigned int' [-Wformat=]
  printf("Addr = %X, Data = %d\r\n", USER_DATA3, *(__IO uint32_t *)USER_DATA3);
                 ~^
                 %lX
../Core/Src/flash_eeprom.c:65:29: warning: format '%d' expects argument of type 'int', but argument 3 has type 'uint32_t {aka volatile long unsigned int}' [-Wformat=]
  printf("Addr = %X, Data = %d\r\n", USER_DATA3, *(__IO uint32_t *)USER_DATA3);
                            ~^
                            %ld
../Core/Src/flash_eeprom.c:66:18: warning: format '%X' expects argument of type 'unsigned int', but argument 2 has type 'long unsigned int' [-Wformat=]
  printf("Addr = %X, Data = %d\r\n", USER_DATA4, *(__IO uint32_t *)USER_DATA4);
                 ~^
                 %lX
../Core/Src/flash_eeprom.c:66:29: warning: format '%d' expects argument of type 'int', but argument 3 has type 'uint32_t {aka volatile long unsigned int}' [-Wformat=]
  printf("Addr = %X, Data = %d\r\n", USER_DATA4, *(__IO uint32_t *)USER_DATA4);
                            ~^
                            %ld
arm-none-eabi-gcc "../Core/Src/stm32f1xx_hal_msp.c" -mcpu=cortex-m3 -std=gnu11 -g3 -DUSE_HAL_DRIVER -DSTM32F103xB -DDEBUG -c -I../Core/Inc -I../Drivers/STM32F1xx_HAL_Driver/Inc -I../Drivers/STM32F1xx_HAL_Driver/Inc/Legacy -I../Drivers/CMSIS/Device/ST/STM32F1xx/Include -I../Drivers/CMSIS/Include -O0 -ffunction-sections -fdata-sections -Wall -fstack-usage -MMD -MP -MF"Core/Src/stm32f1xx_hal_msp.d" -MT"Core/Src/stm32f1xx_hal_msp.o" --specs=nano.specs -mfloat-abi=soft -mthumb -o "Core/Src/stm32f1xx_hal_msp.o"
arm-none-eabi-gcc "../Core/Src/stm32f1xx_it.c" -mcpu=cortex-m3 -std=gnu11 -g3 -DUSE_HAL_DRIVER -DSTM32F103xB -DDEBUG -c -I../Core/Inc -I../Drivers/STM32F1xx_HAL_Driver/Inc -I../Drivers/STM32F1xx_HAL_Driver/Inc/Legacy -I../Drivers/CMSIS/Device/ST/STM32F1xx/Include -I../Drivers/CMSIS/Include -O0 -ffunction-sections -fdata-sections -Wall -fstack-usage -MMD -MP -MF"Core/Src/stm32f1xx_it.d" -MT"Core/Src/stm32f1xx_it.o" --specs=nano.specs -mfloat-abi=soft -mthumb -o "Core/Src/stm32f1xx_it.o"
arm-none-eabi-gcc "../Core/Src/syscalls.c" -mcpu=cortex-m3 -std=gnu11 -g3 -DUSE_HAL_DRIVER -DSTM32F103xB -DDEBUG -c -I../Core/Inc -I../Drivers/STM32F1xx_HAL_Driver/Inc -I../Drivers/STM32F1xx_HAL_Driver/Inc/Legacy -I../Drivers/CMSIS/Device/ST/STM32F1xx/Include -I../Drivers/CMSIS/Include -O0 -ffunction-sections -fdata-sections -Wall -fstack-usage -MMD -MP -MF"Core/Src/syscalls.d" -MT"Core/Src/syscalls.o" --specs=nano.specs -mfloat-abi=soft -mthumb -o "Core/Src/syscalls.o"
arm-none-eabi-gcc "../Core/Src/sysmem.c" -mcpu=cortex-m3 -std=gnu11 -g3 -DUSE_HAL_DRIVER -DSTM32F103xB -DDEBUG -c -I../Core/Inc -I../Drivers/STM32F1xx_HAL_Driver/Inc -I../Drivers/STM32F1xx_HAL_Driver/Inc/Legacy -I../Drivers/CMSIS/Device/ST/STM32F1xx/Include -I../Drivers/CMSIS/Include -O0 -ffunction-sections -fdata-sections -Wall -fstack-usage -MMD -MP -MF"Core/Src/sysmem.d" -MT"Core/Src/sysmem.o" --specs=nano.specs -mfloat-abi=soft -mthumb -o "Core/Src/sysmem.o"
arm-none-eabi-gcc "../Core/Src/system_stm32f1xx.c" -mcpu=cortex-m3 -std=gnu11 -g3 -DUSE_HAL_DRIVER -DSTM32F103xB -DDEBUG -c -I../Core/Inc -I../Drivers/STM32F1xx_HAL_Driver/Inc -I../Drivers/STM32F1xx_HAL_Driver/Inc/Legacy -I../Drivers/CMSIS/Device/ST/STM32F1xx/Include -I../Drivers/CMSIS/Include -O0 -ffunction-sections -fdata-sections -Wall -fstack-usage -MMD -MP -MF"Core/Src/system_stm32f1xx.d" -MT"Core/Src/system_stm32f1xx.o" --specs=nano.specs -mfloat-abi=soft -mthumb -o "Core/Src/system_stm32f1xx.o"
arm-none-eabi-gcc -o "C8T6_FLASHWRITE.elf" @"objects.list"   -mcpu=cortex-m3 -T"C:\Users\sohaenglee\Desktop\STM32IDE_Projects\C8T6_FLASHWRITE\STM32F103C8TX_FLASH.ld" --specs=nosys.specs -Wl,-Map="C8T6_FLASHWRITE.map" -Wl,--gc-sections -static --specs=nano.specs -mfloat-abi=soft -mthumb -Wl,--start-group -lc -lm -Wl,--end-group
Finished building target: C8T6_FLASHWRITE.elf
 
arm-none-eabi-size   C8T6_FLASHWRITE.elf 
arm-none-eabi-objdump -h -S  C8T6_FLASHWRITE.elf  > "C8T6_FLASHWRITE.list"
   text	   data	    bss	    dec	    hex	filename
   7620	    120	   1640	   9380	   24a4	C8T6_FLASHWRITE.elf
Finished building: default.size.stdout
 
Finished building: C8T6_FLASHWRITE.list
arm-none-eabi-objcopy  -O binary  C8T6_FLASHWRITE.elf  "C8T6_FLASHWRITE.bin"
 
Finished building: C8T6_FLASHWRITE.bin
 
19:41:25 **** Incremental Build of configuration Debug for project C8T6_FLASHWRITE ****
make -j2 all 
arm-none-eabi-size   C8T6_FLASHWRITE.elf 
   text	   data	    bss	    dec	    hex	filename
   7620	    120	   1640	   9380	   24a4	C8T6_FLASHWRITE.elf
Finished building: default.size.stdout
 
19:41:58 **** Incremental Build of configuration Debug for project C8T6_FLASHWRITE ****
make -j2 all 
arm-none-eabi-size   C8T6_FLASHWRITE.elf 
   text	   data	    bss	    dec	    hex	filename
   7620	    120	   1640	   9380	   24a4	C8T6_FLASHWRITE.elf
Finished building: default.size.stdout
 
19:45:18 **** Incremental Build of configuration Debug for project C8T6_FLASHWRITE ****
make -j2 all 
arm-none-eabi-gcc "../Core/Src/flash_eeprom.c" -mcpu=cortex-m3 -std=gnu11 -g3 -DUSE_HAL_DRIVER -DSTM32F103xB -DDEBUG -c -I../Core/Inc -I../Drivers/STM32F1xx_HAL_Driver/Inc -I../Drivers/STM32F1xx_HAL_Driver/Inc/Legacy -I../Drivers/CMSIS/Device/ST/STM32F1xx/Include -I../Drivers/CMSIS/Include -O0 -ffunction-sections -fdata-sections -Wall -fstack-usage -MMD -MP -MF"Core/Src/flash_eeprom.d" -MT"Core/Src/flash_eeprom.o" --specs=nano.specs -mfloat-abi=soft -mthumb -o "Core/Src/flash_eeprom.o"
arm-none-eabi-gcc "../Core/Src/main.c" -mcpu=cortex-m3 -std=gnu11 -g3 -DUSE_HAL_DRIVER -DSTM32F103xB -DDEBUG -c -I../Core/Inc -I../Drivers/STM32F1xx_HAL_Driver/Inc -I../Drivers/STM32F1xx_HAL_Driver/Inc/Legacy -I../Drivers/CMSIS/Device/ST/STM32F1xx/Include -I../Drivers/CMSIS/Include -O0 -ffunction-sections -fdata-sections -Wall -fstack-usage -MMD -MP -MF"Core/Src/main.d" -MT"Core/Src/main.o" --specs=nano.specs -mfloat-abi=soft -mthumb -o "Core/Src/main.o"
../Core/Src/flash_eeprom.c: In function 'flash_memory_erase':
../Core/Src/flash_eeprom.c:30:3: warning: implicit declaration of function 'printf' [-Wimplicit-function-declaration]
   printf("Eraser Error\r\n");
   ^~~~~~
../Core/Src/flash_eeprom.c:30:3: warning: incompatible implicit declaration of built-in function 'printf'
../Core/Src/flash_eeprom.c:30:3: note: include '<stdio.h>' or provide a declaration of 'printf'
../Core/Src/flash_eeprom.c: In function 'flash_memory_read':
../Core/Src/flash_eeprom.c:63:2: warning: incompatible implicit declaration of built-in function 'printf'
  printf("Addr = %X, Data = %d\r\n", USER_DATA1, *(__IO uint32_t *)USER_DATA1);
  ^~~~~~
../Core/Src/flash_eeprom.c:63:2: note: include '<stdio.h>' or provide a declaration of 'printf'
../Core/Src/flash_eeprom.c:63:18: warning: format '%X' expects argument of type 'unsigned int', but argument 2 has type 'long unsigned int' [-Wformat=]
  printf("Addr = %X, Data = %d\r\n", USER_DATA1, *(__IO uint32_t *)USER_DATA1);
                 ~^
                 %lX
../Core/Src/flash_eeprom.c:63:29: warning: format '%d' expects argument of type 'int', but argument 3 has type 'uint32_t {aka volatile long unsigned int}' [-Wformat=]
  printf("Addr = %X, Data = %d\r\n", USER_DATA1, *(__IO uint32_t *)USER_DATA1);
                            ~^
                            %ld
../Core/Src/flash_eeprom.c:64:18: warning: format '%X' expects argument of type 'unsigned int', but argument 2 has type 'long unsigned int' [-Wformat=]
  printf("Addr = %X, Data = %d\r\n", USER_DATA2, *(__IO uint32_t *)USER_DATA2);
                 ~^
                 %lX
../Core/Src/flash_eeprom.c:64:29: warning: format '%d' expects argument of type 'int', but argument 3 has type 'uint32_t {aka volatile long unsigned int}' [-Wformat=]
  printf("Addr = %X, Data = %d\r\n", USER_DATA2, *(__IO uint32_t *)USER_DATA2);
                            ~^
                            %ld
../Core/Src/flash_eeprom.c:65:18: warning: format '%X' expects argument of type 'unsigned int', but argument 2 has type 'long unsigned int' [-Wformat=]
  printf("Addr = %X, Data = %d\r\n", USER_DATA3, *(__IO uint32_t *)USER_DATA3);
                 ~^
                 %lX
../Core/Src/flash_eeprom.c:65:29: warning: format '%d' expects argument of type 'int', but argument 3 has type 'uint32_t {aka volatile long unsigned int}' [-Wformat=]
  printf("Addr = %X, Data = %d\r\n", USER_DATA3, *(__IO uint32_t *)USER_DATA3);
                            ~^
                            %ld
../Core/Src/flash_eeprom.c:66:18: warning: format '%X' expects argument of type 'unsigned int', but argument 2 has type 'long unsigned int' [-Wformat=]
  printf("Addr = %X, Data = %d\r\n", USER_DATA4, *(__IO uint32_t *)USER_DATA4);
                 ~^
                 %lX
../Core/Src/flash_eeprom.c:66:29: warning: format '%d' expects argument of type 'int', but argument 3 has type 'uint32_t {aka volatile long unsigned int}' [-Wformat=]
  printf("Addr = %X, Data = %d\r\n", USER_DATA4, *(__IO uint32_t *)USER_DATA4);
                            ~^
                            %ld
arm-none-eabi-gcc -o "C8T6_FLASHWRITE.elf" @"objects.list"   -mcpu=cortex-m3 -T"C:\Users\sohaenglee\Desktop\STM32IDE_Projects\C8T6_FLASHWRITE\STM32F103C8TX_FLASH.ld" --specs=nosys.specs -Wl,-Map="C8T6_FLASHWRITE.map" -Wl,--gc-sections -static --specs=nano.specs -mfloat-abi=soft -mthumb -u _printf_float -u _scanf_float -Wl,--start-group -lc -lm -Wl,--end-group
Finished building target: C8T6_FLASHWRITE.elf
 
arm-none-eabi-objdump -h -S  C8T6_FLASHWRITE.elf  > "C8T6_FLASHWRITE.list"
arm-none-eabi-objcopy  -O binary  C8T6_FLASHWRITE.elf  "C8T6_FLASHWRITE.bin"
Finished building: C8T6_FLASHWRITE.bin
 
Finished building: C8T6_FLASHWRITE.list
arm-none-eabi-size   C8T6_FLASHWRITE.elf 
   text	   data	    bss	    dec	    hex	filename
  25508	    484	   1640	  27632	   6bf0	C8T6_FLASHWRITE.elf
 
Finished building: default.size.stdout
 
20:27:28 **** Incremental Build of configuration Debug for project C8T6_FLASHWRITE ****
make -j2 all 
arm-none-eabi-gcc "../Core/Src/flash_eeprom.c" -mcpu=cortex-m3 -std=gnu11 -g3 -DUSE_HAL_DRIVER -DSTM32F103xB -DDEBUG -c -I../Core/Inc -I../Drivers/STM32F1xx_HAL_Driver/Inc -I../Drivers/STM32F1xx_HAL_Driver/Inc/Legacy -I../Drivers/CMSIS/Device/ST/STM32F1xx/Include -I../Drivers/CMSIS/Include -O0 -ffunction-sections -fdata-sections -Wall -fstack-usage -MMD -MP -MF"Core/Src/flash_eeprom.d" -MT"Core/Src/flash_eeprom.o" --specs=nano.specs -mfloat-abi=soft -mthumb -o "Core/Src/flash_eeprom.o"
arm-none-eabi-gcc "../Core/Src/main.c" -mcpu=cortex-m3 -std=gnu11 -g3 -DUSE_HAL_DRIVER -DSTM32F103xB -DDEBUG -c -I../Core/Inc -I../Drivers/STM32F1xx_HAL_Driver/Inc -I../Drivers/STM32F1xx_HAL_Driver/Inc/Legacy -I../Drivers/CMSIS/Device/ST/STM32F1xx/Include -I../Drivers/CMSIS/Include -O0 -ffunction-sections -fdata-sections -Wall -fstack-usage -MMD -MP -MF"Core/Src/main.d" -MT"Core/Src/main.o" --specs=nano.specs -mfloat-abi=soft -mthumb -o "Core/Src/main.o"
../Core/Src/flash_eeprom.c: In function 'flash_memory_erase':
../Core/Src/flash_eeprom.c:30:3: warning: implicit declaration of function 'printf' [-Wimplicit-function-declaration]
   printf("Eraser Error\r\n");
   ^~~~~~
../Core/Src/flash_eeprom.c:30:3: warning: incompatible implicit declaration of built-in function 'printf'
../Core/Src/flash_eeprom.c:30:3: note: include '<stdio.h>' or provide a declaration of 'printf'
../Core/Src/flash_eeprom.c: In function 'flash_memory_read':
../Core/Src/flash_eeprom.c:63:2: warning: incompatible implicit declaration of built-in function 'printf'
  printf("Addr = %X, Data = %d\r\n", USER_DATA1, *(__IO uint32_t *)USER_DATA1);
  ^~~~~~
../Core/Src/flash_eeprom.c:63:2: note: include '<stdio.h>' or provide a declaration of 'printf'
../Core/Src/flash_eeprom.c:63:18: warning: format '%X' expects argument of type 'unsigned int', but argument 2 has type 'long unsigned int' [-Wformat=]
  printf("Addr = %X, Data = %d\r\n", USER_DATA1, *(__IO uint32_t *)USER_DATA1);
                 ~^
                 %lX
../Core/Src/flash_eeprom.c:63:29: warning: format '%d' expects argument of type 'int', but argument 3 has type 'uint32_t {aka volatile long unsigned int}' [-Wformat=]
  printf("Addr = %X, Data = %d\r\n", USER_DATA1, *(__IO uint32_t *)USER_DATA1);
                            ~^
                            %ld
../Core/Src/flash_eeprom.c:64:18: warning: format '%X' expects argument of type 'unsigned int', but argument 2 has type 'long unsigned int' [-Wformat=]
  printf("Addr = %X, Data = %d\r\n", USER_DATA2, *(__IO uint32_t *)USER_DATA2);
                 ~^
                 %lX
../Core/Src/flash_eeprom.c:64:29: warning: format '%d' expects argument of type 'int', but argument 3 has type 'uint32_t {aka volatile long unsigned int}' [-Wformat=]
  printf("Addr = %X, Data = %d\r\n", USER_DATA2, *(__IO uint32_t *)USER_DATA2);
                            ~^
                            %ld
../Core/Src/flash_eeprom.c:65:18: warning: format '%X' expects argument of type 'unsigned int', but argument 2 has type 'long unsigned int' [-Wformat=]
  printf("Addr = %X, Data = %d\r\n", USER_DATA3, *(__IO uint32_t *)USER_DATA3);
                 ~^
                 %lX
../Core/Src/flash_eeprom.c:65:29: warning: format '%d' expects argument of type 'int', but argument 3 has type 'uint32_t {aka volatile long unsigned int}' [-Wformat=]
  printf("Addr = %X, Data = %d\r\n", USER_DATA3, *(__IO uint32_t *)USER_DATA3);
                            ~^
                            %ld
../Core/Src/flash_eeprom.c:66:18: warning: format '%X' expects argument of type 'unsigned int', but argument 2 has type 'long unsigned int' [-Wformat=]
  printf("Addr = %X, Data = %d\r\n", USER_DATA4, *(__IO uint32_t *)USER_DATA4);
                 ~^
                 %lX
../Core/Src/flash_eeprom.c:66:29: warning: format '%d' expects argument of type 'int', but argument 3 has type 'uint32_t {aka volatile long unsigned int}' [-Wformat=]
  printf("Addr = %X, Data = %d\r\n", USER_DATA4, *(__IO uint32_t *)USER_DATA4);
                            ~^
                            %ld
arm-none-eabi-gcc -o "C8T6_FLASHWRITE.elf" @"objects.list"   -mcpu=cortex-m3 -T"C:\Users\sohaenglee\Desktop\STM32IDE_Projects\C8T6_FLASHWRITE\STM32F103C8TX_FLASH.ld" --specs=nosys.specs -Wl,-Map="C8T6_FLASHWRITE.map" -Wl,--gc-sections -static --specs=nano.specs -mfloat-abi=soft -mthumb -u _printf_float -u _scanf_float -Wl,--start-group -lc -lm -Wl,--end-group
Finished building target: C8T6_FLASHWRITE.elf
 
arm-none-eabi-objdump -h -S  C8T6_FLASHWRITE.elf  > "C8T6_FLASHWRITE.list"
arm-none-eabi-objcopy  -O binary  C8T6_FLASHWRITE.elf  "C8T6_FLASHWRITE.bin"
Finished building: C8T6_FLASHWRITE.bin
 
Finished building: C8T6_FLASHWRITE.list
arm-none-eabi-size   C8T6_FLASHWRITE.elf 
 
   text	   data	    bss	    dec	    hex	filename
  25508	    484	   1640	  27632	   6bf0	C8T6_FLASHWRITE.elf
Finished building: default.size.stdout
 
23:38:47 **** Incremental Build of configuration Debug for project C8T6_FLASHWRITE ****
make -j2 all 
arm-none-eabi-gcc "../Core/Src/flash_eeprom.c" -mcpu=cortex-m3 -std=gnu11 -g3 -DUSE_HAL_DRIVER -DSTM32F103xB -DDEBUG -c -I../Core/Inc -I../Drivers/STM32F1xx_HAL_Driver/Inc -I../Drivers/STM32F1xx_HAL_Driver/Inc/Legacy -I../Drivers/CMSIS/Device/ST/STM32F1xx/Include -I../Drivers/CMSIS/Include -O0 -ffunction-sections -fdata-sections -Wall -fstack-usage -MMD -MP -MF"Core/Src/flash_eeprom.d" -MT"Core/Src/flash_eeprom.o" --specs=nano.specs -mfloat-abi=soft -mthumb -o "Core/Src/flash_eeprom.o"
../Core/Src/flash_eeprom.c: In function 'flash_memory_erase':
../Core/Src/flash_eeprom.c:30:3: warning: implicit declaration of function 'printf' [-Wimplicit-function-declaration]
   printf("Eraser Error\r\n");
   ^~~~~~
../Core/Src/flash_eeprom.c:30:3: warning: incompatible implicit declaration of built-in function 'printf'
../Core/Src/flash_eeprom.c:30:3: note: include '<stdio.h>' or provide a declaration of 'printf'
../Core/Src/flash_eeprom.c: In function 'flash_memory_read':
../Core/Src/flash_eeprom.c:63:2: warning: incompatible implicit declaration of built-in function 'printf'
  printf("Addr = %X, Data = %d\r\n", USER_DATA1, *(__IO uint32_t *)USER_DATA1);
  ^~~~~~
../Core/Src/flash_eeprom.c:63:2: note: include '<stdio.h>' or provide a declaration of 'printf'
../Core/Src/flash_eeprom.c:63:18: warning: format '%X' expects argument of type 'unsigned int', but argument 2 has type 'long unsigned int' [-Wformat=]
  printf("Addr = %X, Data = %d\r\n", USER_DATA1, *(__IO uint32_t *)USER_DATA1);
                 ~^
                 %lX
../Core/Src/flash_eeprom.c:63:29: warning: format '%d' expects argument of type 'int', but argument 3 has type 'uint32_t {aka volatile long unsigned int}' [-Wformat=]
  printf("Addr = %X, Data = %d\r\n", USER_DATA1, *(__IO uint32_t *)USER_DATA1);
                            ~^
                            %ld
../Core/Src/flash_eeprom.c:64:18: warning: format '%X' expects argument of type 'unsigned int', but argument 2 has type 'long unsigned int' [-Wformat=]
  printf("Addr = %X, Data = %d\r\n", USER_DATA2, *(__IO uint32_t *)USER_DATA2);
                 ~^
                 %lX
../Core/Src/flash_eeprom.c:64:29: warning: format '%d' expects argument of type 'int', but argument 3 has type 'uint32_t {aka volatile long unsigned int}' [-Wformat=]
  printf("Addr = %X, Data = %d\r\n", USER_DATA2, *(__IO uint32_t *)USER_DATA2);
                            ~^
                            %ld
../Core/Src/flash_eeprom.c:65:18: warning: format '%X' expects argument of type 'unsigned int', but argument 2 has type 'long unsigned int' [-Wformat=]
  printf("Addr = %X, Data = %d\r\n", USER_DATA3, *(__IO uint32_t *)USER_DATA3);
                 ~^
                 %lX
../Core/Src/flash_eeprom.c:65:29: warning: format '%d' expects argument of type 'int', but argument 3 has type 'uint32_t {aka volatile long unsigned int}' [-Wformat=]
  printf("Addr = %X, Data = %d\r\n", USER_DATA3, *(__IO uint32_t *)USER_DATA3);
                            ~^
                            %ld
../Core/Src/flash_eeprom.c:66:18: warning: format '%X' expects argument of type 'unsigned int', but argument 2 has type 'long unsigned int' [-Wformat=]
  printf("Addr = %X, Data = %d\r\n", USER_DATA4, *(__IO uint32_t *)USER_DATA4);
                 ~^
                 %lX
../Core/Src/flash_eeprom.c:66:29: warning: format '%d' expects argument of type 'int', but argument 3 has type 'uint32_t {aka volatile long unsigned int}' [-Wformat=]
  printf("Addr = %X, Data = %d\r\n", USER_DATA4, *(__IO uint32_t *)USER_DATA4);
                            ~^
                            %ld
arm-none-eabi-gcc -o "C8T6_FLASHWRITE.elf" @"objects.list"   -mcpu=cortex-m3 -T"C:\Users\sohaenglee\Desktop\STM32IDE_Projects\C8T6_FLASHWRITE\STM32F103C8TX_FLASH.ld" --specs=nosys.specs -Wl,-Map="C8T6_FLASHWRITE.map" -Wl,--gc-sections -static --specs=nano.specs -mfloat-abi=soft -mthumb -u _printf_float -u _scanf_float -Wl,--start-group -lc -lm -Wl,--end-group
Finished building target: C8T6_FLASHWRITE.elf
 
arm-none-eabi-objdump -h -S  C8T6_FLASHWRITE.elf  > "C8T6_FLASHWRITE.list"
arm-none-eabi-objcopy  -O binary  C8T6_FLASHWRITE.elf  "C8T6_FLASHWRITE.bin"
Finished building: C8T6_FLASHWRITE.bin
 
arm-none-eabi-size   C8T6_FLASHWRITE.elf 
Finished building: C8T6_FLASHWRITE.list
   text	   data	    bss	    dec	    hex	filename
  25508	    484	   1640	  27632	   6bf0	C8T6_FLASHWRITE.elf
 
Finished building: default.size.stdout
 
23:40:36 **** Incremental Build of configuration Debug for project C8T6_FLASHWRITE ****
make -j2 all 
arm-none-eabi-size   C8T6_FLASHWRITE.elf 
   text	   data	    bss	    dec	    hex	filename
  25508	    484	   1640	  27632	   6bf0	C8T6_FLASHWRITE.elf
Finished building: default.size.stdout
 
23:40:58 **** Incremental Build of configuration Debug for project C8T6_FLASHWRITE ****
make -j2 all 
arm-none-eabi-size   C8T6_FLASHWRITE.elf 
   text	   data	    bss	    dec	    hex	filename
  25508	    484	   1640	  27632	   6bf0	C8T6_FLASHWRITE.elf
Finished building: default.size.stdout
 
23:57:52 **** Incremental Build of configuration Debug for project C8T6_FLASHWRITE ****
make -j2 all 
arm-none-eabi-gcc "../Core/Src/flash_eeprom.c" -mcpu=cortex-m3 -std=gnu11 -g3 -DUSE_HAL_DRIVER -DSTM32F103xB -DDEBUG -c -I../Core/Inc -I../Drivers/STM32F1xx_HAL_Driver/Inc -I../Drivers/STM32F1xx_HAL_Driver/Inc/Legacy -I../Drivers/CMSIS/Device/ST/STM32F1xx/Include -I../Drivers/CMSIS/Include -O0 -ffunction-sections -fdata-sections -Wall -fstack-usage -MMD -MP -MF"Core/Src/flash_eeprom.d" -MT"Core/Src/flash_eeprom.o" --specs=nano.specs -mfloat-abi=soft -mthumb -o "Core/Src/flash_eeprom.o"
arm-none-eabi-gcc "../Core/Src/main.c" -mcpu=cortex-m3 -std=gnu11 -g3 -DUSE_HAL_DRIVER -DSTM32F103xB -DDEBUG -c -I../Core/Inc -I../Drivers/STM32F1xx_HAL_Driver/Inc -I../Drivers/STM32F1xx_HAL_Driver/Inc/Legacy -I../Drivers/CMSIS/Device/ST/STM32F1xx/Include -I../Drivers/CMSIS/Include -O0 -ffunction-sections -fdata-sections -Wall -fstack-usage -MMD -MP -MF"Core/Src/main.d" -MT"Core/Src/main.o" --specs=nano.specs -mfloat-abi=soft -mthumb -o "Core/Src/main.o"
../Core/Src/flash_eeprom.c: In function 'flash_memory_erase':
../Core/Src/flash_eeprom.c:30:3: warning: implicit declaration of function 'printf' [-Wimplicit-function-declaration]
   printf("Eraser Error\r\n");
   ^~~~~~
../Core/Src/flash_eeprom.c:30:3: warning: incompatible implicit declaration of built-in function 'printf'
../Core/Src/flash_eeprom.c:30:3: note: include '<stdio.h>' or provide a declaration of 'printf'
../Core/Src/flash_eeprom.c: In function 'flash_memory_write':
../Core/Src/flash_eeprom.c:37:18: warning: large integer implicitly truncated to unsigned type [-Woverflow]
  uint16_t test = 0xABCDEF00;
                  ^~~~~~~~~~
../Core/Src/flash_eeprom.c: In function 'flash_memory_read':
../Core/Src/flash_eeprom.c:60:2: warning: incompatible implicit declaration of built-in function 'printf'
  printf("Addr = %X, Data = %d\r\n", USER_DATA1, *(__IO uint32_t *)USER_DATA1);
  ^~~~~~
../Core/Src/flash_eeprom.c:60:2: note: include '<stdio.h>' or provide a declaration of 'printf'
../Core/Src/flash_eeprom.c:60:18: warning: format '%X' expects argument of type 'unsigned int', but argument 2 has type 'long unsigned int' [-Wformat=]
  printf("Addr = %X, Data = %d\r\n", USER_DATA1, *(__IO uint32_t *)USER_DATA1);
                 ~^
                 %lX
../Core/Src/flash_eeprom.c:60:29: warning: format '%d' expects argument of type 'int', but argument 3 has type 'uint32_t {aka volatile long unsigned int}' [-Wformat=]
  printf("Addr = %X, Data = %d\r\n", USER_DATA1, *(__IO uint32_t *)USER_DATA1);
                            ~^
                            %ld
../Core/Src/flash_eeprom.c:61:18: warning: format '%X' expects argument of type 'unsigned int', but argument 2 has type 'long unsigned int' [-Wformat=]
  printf("Addr = %X, Data = %d\r\n", USER_DATA2, *(__IO uint32_t *)USER_DATA2);
                 ~^
                 %lX
../Core/Src/flash_eeprom.c:61:29: warning: format '%d' expects argument of type 'int', but argument 3 has type 'uint32_t {aka volatile long unsigned int}' [-Wformat=]
  printf("Addr = %X, Data = %d\r\n", USER_DATA2, *(__IO uint32_t *)USER_DATA2);
                            ~^
                            %ld
../Core/Src/flash_eeprom.c:62:18: warning: format '%X' expects argument of type 'unsigned int', but argument 2 has type 'long unsigned int' [-Wformat=]
  printf("Addr = %X, Data = %d\r\n", USER_DATA3, *(__IO uint32_t *)USER_DATA3);
                 ~^
                 %lX
../Core/Src/flash_eeprom.c:62:29: warning: format '%d' expects argument of type 'int', but argument 3 has type 'uint32_t {aka volatile long unsigned int}' [-Wformat=]
  printf("Addr = %X, Data = %d\r\n", USER_DATA3, *(__IO uint32_t *)USER_DATA3);
                            ~^
                            %ld
../Core/Src/flash_eeprom.c:63:18: warning: format '%X' expects argument of type 'unsigned int', but argument 2 has type 'long unsigned int' [-Wformat=]
  printf("Addr = %X, Data = %d\r\n", USER_DATA4, *(__IO uint32_t *)USER_DATA4);
                 ~^
                 %lX
../Core/Src/flash_eeprom.c:63:29: warning: format '%d' expects argument of type 'int', but argument 3 has type 'uint32_t {aka volatile long unsigned int}' [-Wformat=]
  printf("Addr = %X, Data = %d\r\n", USER_DATA4, *(__IO uint32_t *)USER_DATA4);
                            ~^
                            %ld
arm-none-eabi-gcc -o "C8T6_FLASHWRITE.elf" @"objects.list"   -mcpu=cortex-m3 -T"C:\Users\sohaenglee\Desktop\STM32IDE_Projects\C8T6_FLASHWRITE\STM32F103C8TX_FLASH.ld" --specs=nosys.specs -Wl,-Map="C8T6_FLASHWRITE.map" -Wl,--gc-sections -static --specs=nano.specs -mfloat-abi=soft -mthumb -u _printf_float -u _scanf_float -Wl,--start-group -lc -lm -Wl,--end-group
Finished building target: C8T6_FLASHWRITE.elf
 
arm-none-eabi-objdump -h -S  C8T6_FLASHWRITE.elf  > "C8T6_FLASHWRITE.list"
arm-none-eabi-objcopy  -O binary  C8T6_FLASHWRITE.elf  "C8T6_FLASHWRITE.bin"
Finished building: C8T6_FLASHWRITE.bin
 
Finished building: C8T6_FLASHWRITE.list
arm-none-eabi-size   C8T6_FLASHWRITE.elf 
   text	   data	    bss	    dec	    hex	filename
  25508	    484	   1640	  27632	   6bf0	C8T6_FLASHWRITE.elf
 
Finished building: default.size.stdout
 
00:00:40 **** Incremental Build of configuration Debug for project C8T6_FLASHWRITE ****
make -j2 all 
arm-none-eabi-gcc "../Core/Src/flash_eeprom.c" -mcpu=cortex-m3 -std=gnu11 -g3 -DUSE_HAL_DRIVER -DSTM32F103xB -DDEBUG -c -I../Core/Inc -I../Drivers/STM32F1xx_HAL_Driver/Inc -I../Drivers/STM32F1xx_HAL_Driver/Inc/Legacy -I../Drivers/CMSIS/Device/ST/STM32F1xx/Include -I../Drivers/CMSIS/Include -O0 -ffunction-sections -fdata-sections -Wall -fstack-usage -MMD -MP -MF"Core/Src/flash_eeprom.d" -MT"Core/Src/flash_eeprom.o" --specs=nano.specs -mfloat-abi=soft -mthumb -o "Core/Src/flash_eeprom.o"
../Core/Src/flash_eeprom.c: In function 'flash_memory_erase':
../Core/Src/flash_eeprom.c:30:3: warning: implicit declaration of function 'printf' [-Wimplicit-function-declaration]
   printf("Eraser Error\r\n");
   ^~~~~~
../Core/Src/flash_eeprom.c:30:3: warning: incompatible implicit declaration of built-in function 'printf'
../Core/Src/flash_eeprom.c:30:3: note: include '<stdio.h>' or provide a declaration of 'printf'
../Core/Src/flash_eeprom.c: In function 'flash_memory_read':
../Core/Src/flash_eeprom.c:60:2: warning: incompatible implicit declaration of built-in function 'printf'
  printf("Addr = %X, Data = %d\r\n", USER_DATA1, *(__IO uint32_t *)USER_DATA1);
  ^~~~~~
../Core/Src/flash_eeprom.c:60:2: note: include '<stdio.h>' or provide a declaration of 'printf'
../Core/Src/flash_eeprom.c:60:18: warning: format '%X' expects argument of type 'unsigned int', but argument 2 has type 'long unsigned int' [-Wformat=]
  printf("Addr = %X, Data = %d\r\n", USER_DATA1, *(__IO uint32_t *)USER_DATA1);
                 ~^
                 %lX
../Core/Src/flash_eeprom.c:60:29: warning: format '%d' expects argument of type 'int', but argument 3 has type 'uint32_t {aka volatile long unsigned int}' [-Wformat=]
  printf("Addr = %X, Data = %d\r\n", USER_DATA1, *(__IO uint32_t *)USER_DATA1);
                            ~^
                            %ld
../Core/Src/flash_eeprom.c:61:18: warning: format '%X' expects argument of type 'unsigned int', but argument 2 has type 'long unsigned int' [-Wformat=]
  printf("Addr = %X, Data = %d\r\n", USER_DATA2, *(__IO uint32_t *)USER_DATA2);
                 ~^
                 %lX
../Core/Src/flash_eeprom.c:61:29: warning: format '%d' expects argument of type 'int', but argument 3 has type 'uint32_t {aka volatile long unsigned int}' [-Wformat=]
  printf("Addr = %X, Data = %d\r\n", USER_DATA2, *(__IO uint32_t *)USER_DATA2);
                            ~^
                            %ld
../Core/Src/flash_eeprom.c:62:18: warning: format '%X' expects argument of type 'unsigned int', but argument 2 has type 'long unsigned int' [-Wformat=]
  printf("Addr = %X, Data = %d\r\n", USER_DATA3, *(__IO uint32_t *)USER_DATA3);
                 ~^
                 %lX
../Core/Src/flash_eeprom.c:62:29: warning: format '%d' expects argument of type 'int', but argument 3 has type 'uint32_t {aka volatile long unsigned int}' [-Wformat=]
  printf("Addr = %X, Data = %d\r\n", USER_DATA3, *(__IO uint32_t *)USER_DATA3);
                            ~^
                            %ld
../Core/Src/flash_eeprom.c:63:18: warning: format '%X' expects argument of type 'unsigned int', but argument 2 has type 'long unsigned int' [-Wformat=]
  printf("Addr = %X, Data = %d\r\n", USER_DATA4, *(__IO uint32_t *)USER_DATA4);
                 ~^
                 %lX
../Core/Src/flash_eeprom.c:63:29: warning: format '%d' expects argument of type 'int', but argument 3 has type 'uint32_t {aka volatile long unsigned int}' [-Wformat=]
  printf("Addr = %X, Data = %d\r\n", USER_DATA4, *(__IO uint32_t *)USER_DATA4);
                            ~^
                            %ld
arm-none-eabi-gcc -o "C8T6_FLASHWRITE.elf" @"objects.list"   -mcpu=cortex-m3 -T"C:\Users\sohaenglee\Desktop\STM32IDE_Projects\C8T6_FLASHWRITE\STM32F103C8TX_FLASH.ld" --specs=nosys.specs -Wl,-Map="C8T6_FLASHWRITE.map" -Wl,--gc-sections -static --specs=nano.specs -mfloat-abi=soft -mthumb -u _printf_float -u _scanf_float -Wl,--start-group -lc -lm -Wl,--end-group
Finished building target: C8T6_FLASHWRITE.elf
 
arm-none-eabi-objdump -h -S  C8T6_FLASHWRITE.elf  > "C8T6_FLASHWRITE.list"
arm-none-eabi-objcopy  -O binary  C8T6_FLASHWRITE.elf  "C8T6_FLASHWRITE.bin"
Finished building: C8T6_FLASHWRITE.bin
 
Finished building: C8T6_FLASHWRITE.list
arm-none-eabi-size   C8T6_FLASHWRITE.elf 
   text	   data	    bss	    dec	    hex	filename
  25508	    484	   1640	  27632	   6bf0	C8T6_FLASHWRITE.elf
 
Finished building: default.size.stdout
 
00:05:59 **** Incremental Build of configuration Debug for project C8T6_FLASHWRITE ****
make -j2 all 
arm-none-eabi-gcc "../Drivers/STM32F1xx_HAL_Driver/Src/stm32f1xx_hal.c" -mcpu=cortex-m3 -std=gnu11 -g3 -DUSE_HAL_DRIVER -DSTM32F103xB -DDEBUG -c -I../Core/Inc -I../Drivers/STM32F1xx_HAL_Driver/Inc -I../Drivers/STM32F1xx_HAL_Driver/Inc/Legacy -I../Drivers/CMSIS/Device/ST/STM32F1xx/Include -I../Drivers/CMSIS/Include -O0 -ffunction-sections -fdata-sections -Wall -fstack-usage -MMD -MP -MF"Drivers/STM32F1xx_HAL_Driver/Src/stm32f1xx_hal.d" -MT"Drivers/STM32F1xx_HAL_Driver/Src/stm32f1xx_hal.o" --specs=nano.specs -mfloat-abi=soft -mthumb -o "Drivers/STM32F1xx_HAL_Driver/Src/stm32f1xx_hal.o"
arm-none-eabi-gcc "../Drivers/STM32F1xx_HAL_Driver/Src/stm32f1xx_hal_cortex.c" -mcpu=cortex-m3 -std=gnu11 -g3 -DUSE_HAL_DRIVER -DSTM32F103xB -DDEBUG -c -I../Core/Inc -I../Drivers/STM32F1xx_HAL_Driver/Inc -I../Drivers/STM32F1xx_HAL_Driver/Inc/Legacy -I../Drivers/CMSIS/Device/ST/STM32F1xx/Include -I../Drivers/CMSIS/Include -O0 -ffunction-sections -fdata-sections -Wall -fstack-usage -MMD -MP -MF"Drivers/STM32F1xx_HAL_Driver/Src/stm32f1xx_hal_cortex.d" -MT"Drivers/STM32F1xx_HAL_Driver/Src/stm32f1xx_hal_cortex.o" --specs=nano.specs -mfloat-abi=soft -mthumb -o "Drivers/STM32F1xx_HAL_Driver/Src/stm32f1xx_hal_cortex.o"
arm-none-eabi-gcc "../Drivers/STM32F1xx_HAL_Driver/Src/stm32f1xx_hal_dma.c" -mcpu=cortex-m3 -std=gnu11 -g3 -DUSE_HAL_DRIVER -DSTM32F103xB -DDEBUG -c -I../Core/Inc -I../Drivers/STM32F1xx_HAL_Driver/Inc -I../Drivers/STM32F1xx_HAL_Driver/Inc/Legacy -I../Drivers/CMSIS/Device/ST/STM32F1xx/Include -I../Drivers/CMSIS/Include -O0 -ffunction-sections -fdata-sections -Wall -fstack-usage -MMD -MP -MF"Drivers/STM32F1xx_HAL_Driver/Src/stm32f1xx_hal_dma.d" -MT"Drivers/STM32F1xx_HAL_Driver/Src/stm32f1xx_hal_dma.o" --specs=nano.specs -mfloat-abi=soft -mthumb -o "Drivers/STM32F1xx_HAL_Driver/Src/stm32f1xx_hal_dma.o"
arm-none-eabi-gcc "../Drivers/STM32F1xx_HAL_Driver/Src/stm32f1xx_hal_exti.c" -mcpu=cortex-m3 -std=gnu11 -g3 -DUSE_HAL_DRIVER -DSTM32F103xB -DDEBUG -c -I../Core/Inc -I../Drivers/STM32F1xx_HAL_Driver/Inc -I../Drivers/STM32F1xx_HAL_Driver/Inc/Legacy -I../Drivers/CMSIS/Device/ST/STM32F1xx/Include -I../Drivers/CMSIS/Include -O0 -ffunction-sections -fdata-sections -Wall -fstack-usage -MMD -MP -MF"Drivers/STM32F1xx_HAL_Driver/Src/stm32f1xx_hal_exti.d" -MT"Drivers/STM32F1xx_HAL_Driver/Src/stm32f1xx_hal_exti.o" --specs=nano.specs -mfloat-abi=soft -mthumb -o "Drivers/STM32F1xx_HAL_Driver/Src/stm32f1xx_hal_exti.o"
[...]
arm-none-eabi-gcc -c "../Drivers/STM32F4xx_HAL_Driver/Src/stm32f4xx_hal_rcc_ex.c" -mcpu=cortex-m4 -std=gnu11 -g3 '-D__weak=__attribute__((weak))' '-D__packed=__attribute__((__packed__))' -DUSE_HAL_DRIVER -DSTM32F446xx -DARM_MATH_CM4 -c -I../Inc -I../Drivers/STM32F4xx_HAL_Driver/Inc -I../Drivers/STM32F4xx_HAL_Driver/Inc/Legacy -I../Drivers/CMSIS/Device/ST/STM32F4xx/Include -I../Drivers/CMSIS/Include -Os -ffunction-sections -fdata-sections -Wall -fstack-usage -MMD -MP -MF"Drivers/STM32F4xx_HAL_Driver/Src/stm32f4xx_hal_rcc_ex.d" -MT"Drivers/STM32F4xx_HAL_Driver/Src/stm32f4xx_hal_rcc_ex.o"  -mfpu=fpv4-sp-d16 -mfloat-abi=hard -mthumb -o "Drivers/STM32F4xx_HAL_Driver/Src/stm32f4xx_hal_rcc_ex.o"
arm-none-eabi-gcc -c "../Drivers/STM32F4xx_HAL_Driver/Src/stm32f4xx_hal_tim.c" -mcpu=cortex-m4 -std=gnu11 -g3 '-D__weak=__attribute__((weak))' '-D__packed=__attribute__((__packed__))' -DUSE_HAL_DRIVER -DSTM32F446xx -DARM_MATH_CM4 -c -I../Inc -I../Drivers/STM32F4xx_HAL_Driver/Inc -I../Drivers/STM32F4xx_HAL_Driver/Inc/Legacy -I../Drivers/CMSIS/Device/ST/STM32F4xx/Include -I../Drivers/CMSIS/Include -Os -ffunction-sections -fdata-sections -Wall -fstack-usage -MMD -MP -MF"Drivers/STM32F4xx_HAL_Driver/Src/stm32f4xx_hal_tim.d" -MT"Drivers/STM32F4xx_HAL_Driver/Src/stm32f4xx_hal_tim.o"  -mfpu=fpv4-sp-d16 -mfloat-abi=hard -mthumb -o "Drivers/STM32F4xx_HAL_Driver/Src/stm32f4xx_hal_tim.o"
arm-none-eabi-gcc -c "../Drivers/STM32F4xx_HAL_Driver/Src/stm32f4xx_hal_tim_ex.c" -mcpu=cortex-m4 -std=gnu11 -g3 '-D__weak=__attribute__((weak))' '-D__packed=__attribute__((__packed__))' -DUSE_HAL_DRIVER -DSTM32F446xx -DARM_MATH_CM4 -c -I../Inc -I../Drivers/STM32F4xx_HAL_Driver/Inc -I../Drivers/STM32F4xx_HAL_Driver/Inc/Legacy -I../Drivers/CMSIS/Device/ST/STM32F4xx/Include -I../Drivers/CMSIS/Include -Os -ffunction-sections -fdata-sections -Wall -fstack-usage -MMD -MP -MF"Drivers/STM32F4xx_HAL_Driver/Src/stm32f4xx_hal_tim_ex.d" -MT"Drivers/STM32F4xx_HAL_Driver/Src/stm32f4xx_hal_tim_ex.o"  -mfpu=fpv4-sp-d16 -mfloat-abi=hard -mthumb -o "Drivers/STM32F4xx_HAL_Driver/Src/stm32f4xx_hal_tim_ex.o"
arm-none-eabi-gcc -c "../Drivers/STM32F4xx_HAL_Driver/Src/stm32f4xx_hal_uart.c" -mcpu=cortex-m4 -std=gnu11 -g3 '-D__weak=__attribute__((weak))' '-D__packed=__attribute__((__packed__))' -DUSE_HAL_DRIVER -DSTM32F446xx -DARM_MATH_CM4 -c -I../Inc -I../Drivers/STM32F4xx_HAL_Driver/Inc -I../Drivers/STM32F4xx_HAL_Driver/Inc/Legacy -I../Drivers/CMSIS/Device/ST/STM32F4xx/Include -I../Drivers/CMSIS/Include -Os -ffunction-sections -fdata-sections -Wall -fstack-usage -MMD -MP -MF"Drivers/STM32F4xx_HAL_Driver/Src/stm32f4xx_hal_uart.d" -MT"Drivers/STM32F4xx_HAL_Driver/Src/stm32f4xx_hal_uart.o"  -mfpu=fpv4-sp-d16 -mfloat-abi=hard -mthumb -o "Drivers/STM32F4xx_HAL_Driver/Src/stm32f4xx_hal_uart.o"
arm-none-eabi-gcc -o "446RE_1SEC_COUNT.elf" @"objects.list"  -larm_cortexM4lf_math -mcpu=cortex-m4 -T"../STM32F446RE_FLASH.ld" --specs=nosys.specs -Wl,-Map="446RE_1SEC_COUNT.map" -Wl,--gc-sections -static -L"C:/Users/sohaenglee/STM32Cube/Repository/STM32Cube_FW_F4_V1.21.0/Drivers/CMSIS/Lib/GCC"  -mfpu=fpv4-sp-d16 -mfloat-abi=hard -mthumb -u _printf_float -u _scanf_float -Wl,--start-group -lc -lm -Wl,--end-group
c:\st\stm32cubeide_1.3.0\stm32cubeide\plugins\com.st.stm32cube.ide.mcu.externaltools.gnu-tools-for-stm32.7-2018-q2-update.win32_1.5.0.202011040924\tools\arm-none-eabi\bin\ld.exe: cannot find -larm_cortexM4lf_math
collect2.exe: error: ld returned 1 exit status
make[1]: *** [makefile:59: 446RE_1SEC_COUNT.elf] Error 1
make: *** [makefile:52: all] Error 2
"make all" terminated with exit code 2. Build might be incomplete.
11:51:15 **** Incremental Build of configuration Debug for project 446RE_1SEC_COUNT ****
make all 
arm-none-eabi-gcc -c "../Src/main.c" -mcpu=cortex-m4 -std=gnu11 -g3 '-D__weak=__attribute__((weak))' '-D__packed=__attribute__((__packed__))' -DUSE_HAL_DRIVER -DSTM32F446xx -DARM_MATH_CM4 -c -I../Inc -I../Drivers/STM32F4xx_HAL_Driver/Inc -I../Drivers/STM32F4xx_HAL_Driver/Inc/Legacy -I../Drivers/CMSIS/Device/ST/STM32F4xx/Include -I../Drivers/CMSIS/Include -Os -ffunction-sections -fdata-sections -Wall -fstack-usage -MMD -MP -MF"Src/main.d" -MT"Src/main.o"  -mfpu=fpv4-sp-d16 -mfloat-abi=hard -mthumb -o "Src/main.o"
../Src/main.c: In function 'main':
../Src/main.c:133:19: warning: unused variable 'd' [-Wunused-variable]
   volatile double d;
                   ^
arm-none-eabi-gcc -o "446RE_1SEC_COUNT.elf" @"objects.list"  -larm_cortexM4lf_math -mcpu=cortex-m4 -T"../STM32F446RE_FLASH.ld" --specs=nosys.specs -Wl,-Map="446RE_1SEC_COUNT.map" -Wl,--gc-sections -static -L"C:/Users/sohaenglee/STM32Cube/Repository/STM32Cube_FW_F4_V1.21.0/Drivers/CMSIS/Lib/GCC"  -mfpu=fpv4-sp-d16 -mfloat-abi=hard -mthumb -u _printf_float -u _scanf_float -Wl,--start-group -lc -lm -Wl,--end-group
c:\st\stm32cubeide_1.3.0\stm32cubeide\plugins\com.st.stm32cube.ide.mcu.externaltools.gnu-tools-for-stm32.7-2018-q2-update.win32_1.5.0.202011040924\tools\arm-none-eabi\bin\ld.exe: cannot find -larm_cortexM4lf_math
collect2.exe: error: ld returned 1 exit status
make[1]: *** [makefile:59: 446RE_1SEC_COUNT.elf] Error 1
make: *** [makefile:52: all] Error 2
"make all" terminated with exit code 2. Build might be incomplete.
11:51:19 **** Incremental Build of configuration Debug for project 446RE_1SEC_COUNT ****
make all 
arm-none-eabi-gcc -o "446RE_1SEC_COUNT.elf" @"objects.list"  -larm_cortexM4lf_math -mcpu=cortex-m4 -T"../STM32F446RE_FLASH.ld" --specs=nosys.specs -Wl,-Map="446RE_1SEC_COUNT.map" -Wl,--gc-sections -static -L"C:/Users/sohaenglee/STM32Cube/Repository/STM32Cube_FW_F4_V1.21.0/Drivers/CMSIS/Lib/GCC"  -mfpu=fpv4-sp-d16 -mfloat-abi=hard -mthumb -u _printf_float -u _scanf_float -Wl,--start-group -lc -lm -Wl,--end-group
c:\st\stm32cubeide_1.3.0\stm32cubeide\plugins\com.st.stm32cube.ide.mcu.externaltools.gnu-tools-for-stm32.7-2018-q2-update.win32_1.5.0.202011040924\tools\arm-none-eabi\bin\ld.exe: cannot find -larm_cortexM4lf_math
collect2.exe: error: ld returned 1 exit status
make[1]: *** [makefile:59: 446RE_1SEC_COUNT.elf] Error 1
make: *** [makefile:52: all] Error 2
"make all" terminated with exit code 2. Build might be incomplete.
11:55:05 **** Clean-only build of configuration Debug for project 446RE_EXTI ****
make clean 
make: *** No rule to make target 'clean'.  Stop.
"make clean" terminated with exit code 2. Build might be incomplete.
11:55:05 **** Build of configuration Debug for project 446RE_EXTI ****
make all 
arm-none-eabi-gcc -c "../Src/main.c" -mcpu=cortex-m4 -std=gnu11 -g3 '-D__weak=__attribute__((weak))' '-D__packed=__attribute__((__packed__))' -DUSE_HAL_DRIVER -DSTM32F446xx -c -I../Inc -I../Drivers/STM32F4xx_HAL_Driver/Inc -I../Drivers/STM32F4xx_HAL_Driver/Inc/Legacy -I../Drivers/CMSIS/Device/ST/STM32F4xx/Include -I../Drivers/CMSIS/Include -Os -ffunction-sections -fdata-sections -Wall -fstack-usage -MMD -MP -MF"Src/main.d" -MT"Src/main.o" --specs=nano.specs -mfpu=fpv4-sp-d16 -mfloat-abi=hard -mthumb -o "Src/main.o"
arm-none-eabi-gcc -c "../Src/stm32f4xx_hal_msp.c" -mcpu=cortex-m4 -std=gnu11 -g3 '-D__weak=__attribute__((weak))' '-D__packed=__attribute__((__packed__))' -DUSE_HAL_DRIVER -DSTM32F446xx -c -I../Inc -I../Drivers/STM32F4xx_HAL_Driver/Inc -I../Drivers/STM32F4xx_HAL_Driver/Inc/Legacy -I../Drivers/CMSIS/Device/ST/STM32F4xx/Include -I../Drivers/CMSIS/Include -Os -ffunction-sections -fdata-sections -Wall -fstack-usage -MMD -MP -MF"Src/stm32f4xx_hal_msp.d" -MT"Src/stm32f4xx_hal_msp.o" --specs=nano.specs -mfpu=fpv4-sp-d16 -mfloat-abi=hard -mthumb -o "Src/stm32f4xx_hal_msp.o"
arm-none-eabi-gcc -c "../Src/stm32f4xx_it.c" -mcpu=cortex-m4 -std=gnu11 -g3 '-D__weak=__attribute__((weak))' '-D__packed=__attribute__((__packed__))' -DUSE_HAL_DRIVER -DSTM32F446xx -c -I../Inc -I../Drivers/STM32F4xx_HAL_Driver/Inc -I../Drivers/STM32F4xx_HAL_Driver/Inc/Legacy -I../Drivers/CMSIS/Device/ST/STM32F4xx/Include -I../Drivers/CMSIS/Include -Os -ffunction-sections -fdata-sections -Wall -fstack-usage -MMD -MP -MF"Src/stm32f4xx_it.d" -MT"Src/stm32f4xx_it.o" --specs=nano.specs -mfpu=fpv4-sp-d16 -mfloat-abi=hard -mthumb -o "Src/stm32f4xx_it.o"
arm-none-eabi-gcc -c "../Drivers/STM32F4xx_HAL_Driver/Src/stm32f4xx_hal.c" -mcpu=cortex-m4 -std=gnu11 -g3 '-D__weak=__attribute__((weak))' '-D__packed=__attribute__((__packed__))' -DUSE_HAL_DRIVER -DSTM32F446xx -c -I../Inc -I../Drivers/STM32F4xx_HAL_Driver/Inc -I../Drivers/STM32F4xx_HAL_Driver/Inc/Legacy -I../Drivers/CMSIS/Device/ST/STM32F4xx/Include -I../Drivers/CMSIS/Include -Os -ffunction-sections -fdata-sections -Wall -fstack-usage -MMD -MP -MF"Drivers/STM32F4xx_HAL_Driver/Src/stm32f4xx_hal.d" -MT"Drivers/STM32F4xx_HAL_Driver/Src/stm32f4xx_hal.o" --specs=nano.specs -mfpu=fpv4-sp-d16 -mfloat-abi=hard -mthumb -o "Drivers/STM32F4xx_HAL_Driver/Src/stm32f4xx_hal.o"
arm-none-eabi-gcc -c "../Drivers/STM32F4xx_HAL_Driver/Src/stm32f4xx_hal_cortex.c" -mcpu=cortex-m4 -std=gnu11 -g3 '-D__weak=__attribute__((weak))' '-D__packed=__attribute__((__packed__))' -DUSE_HAL_DRIVER -DSTM32F446xx -c -I../Inc -I../Drivers/STM32F4xx_HAL_Driver/Inc -I../Drivers/STM32F4xx_HAL_Driver/Inc/Legacy -I../Drivers/CMSIS/Device/ST/STM32F4xx/Include -I../Drivers/CMSIS/Include -Os -ffunction-sections -fdata-sections -Wall -fstack-usage -MMD -MP -MF"Drivers/STM32F4xx_HAL_Driver/Src/stm32f4xx_hal_cortex.d" -MT"Drivers/STM32F4xx_HAL_Driver/Src/stm32f4xx_hal_cortex.o" --specs=nano.specs -mfpu=fpv4-sp-d16 -mfloat-abi=hard -mthumb -o "Drivers/STM32F4xx_HAL_Driver/Src/stm32f4xx_hal_cortex.o"
arm-none-eabi-gcc -c "../Drivers/STM32F4xx_HAL_Driver/Src/stm32f4xx_hal_dma.c" -mcpu=cortex-m4 -std=gnu11 -g3 '-D__weak=__attribute__((weak))' '-D__packed=__attribute__((__packed__))' -DUSE_HAL_DRIVER -DSTM32F446xx -c -I../Inc -I../Drivers/STM32F4xx_HAL_Driver/Inc -I../Drivers/STM32F4xx_HAL_Driver/Inc/Legacy -I../Drivers/CMSIS/Device/ST/STM32F4xx/Include -I../Drivers/CMSIS/Include -Os -ffunction-sections -fdata-sections -Wall -fstack-usage -MMD -MP -MF"Drivers/STM32F4xx_HAL_Driver/Src/stm32f4xx_hal_dma.d" -MT"Drivers/STM32F4xx_HAL_Driver/Src/stm32f4xx_hal_dma.o" --specs=nano.specs -mfpu=fpv4-sp-d16 -mfloat-abi=hard -mthumb -o "Drivers/STM32F4xx_HAL_Driver/Src/stm32f4xx_hal_dma.o"
arm-none-eabi-gcc -c "../Drivers/STM32F4xx_HAL_Driver/Src/stm32f4xx_hal_dma_ex.c" -mcpu=cortex-m4 -std=gnu11 -g3 '-D__weak=__attribute__((weak))' '-D__packed=__attribute__((__packed__))' -DUSE_HAL_DRIVER -DSTM32F446xx -c -I../Inc -I../Drivers/STM32F4xx_HAL_Driver/Inc -I../Drivers/STM32F4xx_HAL_Driver/Inc/Legacy -I../Drivers/CMSIS/Device/ST/STM32F4xx/Include -I../Drivers/CMSIS/Include -Os -ffunction-sections -fdata-sections -Wall -fstack-usage -MMD -MP -MF"Drivers/STM32F4xx_HAL_Driver/Src/stm32f4xx_hal_dma_ex.d" -MT"Drivers/STM32F4xx_HAL_Driver/Src/stm32f4xx_hal_dma_ex.o" --specs=nano.specs -mfpu=fpv4-sp-d16 -mfloat-abi=hard -mthumb -o "Drivers/STM32F4xx_HAL_Driver/Src/stm32f4xx_hal_dma_ex.o"
arm-none-eabi-gcc -c "../Drivers/STM32F4xx_HAL_Driver/Src/stm32f4xx_hal_flash.c" -mcpu=cortex-m4 -std=gnu11 -g3 '-D__weak=__attribute__((weak))' '-D__packed=__attribute__((__packed__))' -DUSE_HAL_DRIVER -DSTM32F446xx -c -I../Inc -I../Drivers/STM32F4xx_HAL_Driver/Inc -I../Drivers/STM32F4xx_HAL_Driver/Inc/Legacy -I../Drivers/CMSIS/Device/ST/STM32F4xx/Include -I../Drivers/CMSIS/Include -Os -ffunction-sections -fdata-sections -Wall -fstack-usage -MMD -MP -MF"Drivers/STM32F4xx_HAL_Driver/Src/stm32f4xx_hal_flash.d" -MT"Drivers/STM32F4xx_HAL_Driver/Src/stm32f4xx_hal_flash.o" --specs=nano.specs -mfpu=fpv4-sp-d16 -mfloat-abi=hard -mthumb -o "Drivers/STM32F4xx_HAL_Driver/Src/stm32f4xx_hal_flash.o"
arm-none-eabi-gcc -c "../Drivers/STM32F4xx_HAL_Driver/Src/stm32f4xx_hal_flash_ex.c" -mcpu=cortex-m4 -std=gnu11 -g3 '-D__weak=__attribute__((weak))' '-D__packed=__attribute__((__packed__))' -DUSE_HAL_DRIVER -DSTM32F446xx -c -I../Inc -I../Drivers/STM32F4xx_HAL_Driver/Inc -I../Drivers/STM32F4xx_HAL_Driver/Inc/Legacy -I../Drivers/CMSIS/Device/ST/STM32F4xx/Include -I../Drivers/CMSIS/Include -Os -ffunction-sections -fdata-sections -Wall -fstack-usage -MMD -MP -MF"Drivers/STM32F4xx_HAL_Driver/Src/stm32f4xx_hal_flash_ex.d" -MT"Drivers/STM32F4xx_HAL_Driver/Src/stm32f4xx_hal_flash_ex.o" --specs=nano.specs -mfpu=fpv4-sp-d16 -mfloat-abi=hard -mthumb -o "Drivers/STM32F4xx_HAL_Driver/Src/stm32f4xx_hal_flash_ex.o"
arm-none-eabi-gcc -c "../Drivers/STM32F4xx_HAL_Driver/Src/stm32f4xx_hal_flash_ramfunc.c" -mcpu=cortex-m4 -std=gnu11 -g3 '-D__weak=__attribute__((weak))' '-D__packed=__attribute__((__packed__))' -DUSE_HAL_DRIVER -DSTM32F446xx -c -I../Inc -I../Drivers/STM32F4xx_HAL_Driver/Inc -I../Drivers/STM32F4xx_HAL_Driver/Inc/Legacy -I../Drivers/CMSIS/Device/ST/STM32F4xx/Include -I../Drivers/CMSIS/Include -Os -ffunction-sections -fdata-sections -Wall -fstack-usage -MMD -MP -MF"Drivers/STM32F4xx_HAL_Driver/Src/stm32f4xx_hal_flash_ramfunc.d" -MT"Drivers/STM32F4xx_HAL_Driver/Src/stm32f4xx_hal_flash_ramfunc.o" --specs=nano.specs -mfpu=fpv4-sp-d16 -mfloat-abi=hard -mthumb -o "Drivers/STM32F4xx_HAL_Driver/Src/stm32f4xx_hal_flash_ramfunc.o"
arm-none-eabi-gcc -c "../Drivers/STM32F4xx_HAL_Driver/Src/stm32f4xx_hal_gpio.c" -mcpu=cortex-m4 -std=gnu11 -g3 '-D__weak=__attribute__((weak))' '-D__packed=__attribute__((__packed__))' -DUSE_HAL_DRIVER -DSTM32F446xx -c -I../Inc -I../Drivers/STM32F4xx_HAL_Driver/Inc -I../Drivers/STM32F4xx_HAL_Driver/Inc/Legacy -I../Drivers/CMSIS/Device/ST/STM32F4xx/Include -I../Drivers/CMSIS/Include -Os -ffunction-sections -fdata-sections -Wall -fstack-usage -MMD -MP -MF"Drivers/STM32F4xx_HAL_Driver/Src/stm32f4xx_hal_gpio.d" -MT"Drivers/STM32F4xx_HAL_Driver/Src/stm32f4xx_hal_gpio.o" --specs=nano.specs -mfpu=fpv4-sp-d16 -mfloat-abi=hard -mthumb -o "Drivers/STM32F4xx_HAL_Driver/Src/stm32f4xx_hal_gpio.o"
arm-none-eabi-gcc -c "../Drivers/STM32F4xx_HAL_Driver/Src/stm32f4xx_hal_pwr.c" -mcpu=cortex-m4 -std=gnu11 -g3 '-D__weak=__attribute__((weak))' '-D__packed=__attribute__((__packed__))' -DUSE_HAL_DRIVER -DSTM32F446xx -c -I../Inc -I../Drivers/STM32F4xx_HAL_Driver/Inc -I../Drivers/STM32F4xx_HAL_Driver/Inc/Legacy -I../Drivers/CMSIS/Device/ST/STM32F4xx/Include -I../Drivers/CMSIS/Include -Os -ffunction-sections -fdata-sections -Wall -fstack-usage -MMD -MP -MF"Drivers/STM32F4xx_HAL_Driver/Src/stm32f4xx_hal_pwr.d" -MT"Drivers/STM32F4xx_HAL_Driver/Src/stm32f4xx_hal_pwr.o" --specs=nano.specs -mfpu=fpv4-sp-d16 -mfloat-abi=hard -mthumb -o "Drivers/STM32F4xx_HAL_Driver/Src/stm32f4xx_hal_pwr.o"
arm-none-eabi-gcc -c "../Drivers/STM32F4xx_HAL_Driver/Src/stm32f4xx_hal_pwr_ex.c" -mcpu=cortex-m4 -std=gnu11 -g3 '-D__weak=__attribute__((weak))' '-D__packed=__attribute__((__packed__))' -DUSE_HAL_DRIVER -DSTM32F446xx -c -I../Inc -I../Drivers/STM32F4xx_HAL_Driver/Inc -I../Drivers/STM32F4xx_HAL_Driver/Inc/Legacy -I../Drivers/CMSIS/Device/ST/STM32F4xx/Include -I../Drivers/CMSIS/Include -Os -ffunction-sections -fdata-sections -Wall -fstack-usage -MMD -MP -MF"Drivers/STM32F4xx_HAL_Driver/Src/stm32f4xx_hal_pwr_ex.d" -MT"Drivers/STM32F4xx_HAL_Driver/Src/stm32f4xx_hal_pwr_ex.o" --specs=nano.specs -mfpu=fpv4-sp-d16 -mfloat-abi=hard -mthumb -o "Drivers/STM32F4xx_HAL_Driver/Src/stm32f4xx_hal_pwr_ex.o"
arm-none-eabi-gcc -c "../Drivers/STM32F4xx_HAL_Driver/Src/stm32f4xx_hal_rcc.c" -mcpu=cortex-m4 -std=gnu11 -g3 '-D__weak=__attribute__((weak))' '-D__packed=__attribute__((__packed__))' -DUSE_HAL_DRIVER -DSTM32F446xx -c -I../Inc -I../Drivers/STM32F4xx_HAL_Driver/Inc -I../Drivers/STM32F4xx_HAL_Driver/Inc/Legacy -I../Drivers/CMSIS/Device/ST/STM32F4xx/Include -I../Drivers/CMSIS/Include -Os -ffunction-sections -fdata-sections -Wall -fstack-usage -MMD -MP -MF"Drivers/STM32F4xx_HAL_Driver/Src/stm32f4xx_hal_rcc.d" -MT"Drivers/STM32F4xx_HAL_Driver/Src/stm32f4xx_hal_rcc.o" --specs=nano.specs -mfpu=fpv4-sp-d16 -mfloat-abi=hard -mthumb -o "Drivers/STM32F4xx_HAL_Driver/Src/stm32f4xx_hal_rcc.o"
arm-none-eabi-gcc -c "../Drivers/STM32F4xx_HAL_Driver/Src/stm32f4xx_hal_rcc_ex.c" -mcpu=cortex-m4 -std=gnu11 -g3 '-D__weak=__attribute__((weak))' '-D__packed=__attribute__((__packed__))' -DUSE_HAL_DRIVER -DSTM32F446xx -c -I../Inc -I../Drivers/STM32F4xx_HAL_Driver/Inc -I../Drivers/STM32F4xx_HAL_Driver/Inc/Legacy -I../Drivers/CMSIS/Device/ST/STM32F4xx/Include -I../Drivers/CMSIS/Include -Os -ffunction-sections -fdata-sections -Wall -fstack-usage -MMD -MP -MF"Drivers/STM32F4xx_HAL_Driver/Src/stm32f4xx_hal_rcc_ex.d" -MT"Drivers/STM32F4xx_HAL_Driver/Src/stm32f4xx_hal_rcc_ex.o" --specs=nano.specs -mfpu=fpv4-sp-d16 -mfloat-abi=hard -mthumb -o "Drivers/STM32F4xx_HAL_Driver/Src/stm32f4xx_hal_rcc_ex.o"
arm-none-eabi-gcc -c "../Drivers/STM32F4xx_HAL_Driver/Src/stm32f4xx_hal_tim.c" -mcpu=cortex-m4 -std=gnu11 -g3 '-D__weak=__attribute__((weak))' '-D__packed=__attribute__((__packed__))' -DUSE_HAL_DRIVER -DSTM32F446xx -c -I../Inc -I../Drivers/STM32F4xx_HAL_Driver/Inc -I../Drivers/STM32F4xx_HAL_Driver/Inc/Legacy -I../Drivers/CMSIS/Device/ST/STM32F4xx/Include -I../Drivers/CMSIS/Include -Os -ffunction-sections -fdata-sections -Wall -fstack-usage -MMD -MP -MF"Drivers/STM32F4xx_HAL_Driver/Src/stm32f4xx_hal_tim.d" -MT"Drivers/STM32F4xx_HAL_Driver/Src/stm32f4xx_hal_tim.o" --specs=nano.specs -mfpu=fpv4-sp-d16 -mfloat-abi=hard -mthumb -o "Drivers/STM32F4xx_HAL_Driver/Src/stm32f4xx_hal_tim.o"
arm-none-eabi-gcc -c "../Drivers/STM32F4xx_HAL_Driver/Src/stm32f4xx_hal_tim_ex.c" -mcpu=cortex-m4 -std=gnu11 -g3 '-D__weak=__attribute__((weak))' '-D__packed=__attribute__((__packed__))' -DUSE_HAL_DRIVER -DSTM32F446xx -c -I../Inc -I../Drivers/STM32F4xx_HAL_Driver/Inc -I../Drivers/STM32F4xx_HAL_Driver/Inc/Legacy -I../Drivers/CMSIS/Device/ST/STM32F4xx/Include -I../Drivers/CMSIS/Include -Os -ffunction-sections -fdata-sections -Wall -fstack-usage -MMD -MP -MF"Drivers/STM32F4xx_HAL_Driver/Src/stm32f4xx_hal_tim_ex.d" -MT"Drivers/STM32F4xx_HAL_Driver/Src/stm32f4xx_hal_tim_ex.o" --specs=nano.specs -mfpu=fpv4-sp-d16 -mfloat-abi=hard -mthumb -o "Drivers/STM32F4xx_HAL_Driver/Src/stm32f4xx_hal_tim_ex.o"
arm-none-eabi-gcc -c "../Drivers/STM32F4xx_HAL_Driver/Src/stm32f4xx_hal_uart.c" -mcpu=cortex-m4 -std=gnu11 -g3 '-D__weak=__attribute__((weak))' '-D__packed=__attribute__((__packed__))' -DUSE_HAL_DRIVER -DSTM32F446xx -c -I../Inc -I../Drivers/STM32F4xx_HAL_Driver/Inc -I../Drivers/STM32F4xx_HAL_Driver/Inc/Legacy -I../Drivers/CMSIS/Device/ST/STM32F4xx/Include -I../Drivers/CMSIS/Include -Os -ffunction-sections -fdata-sections -Wall -fstack-usage -MMD -MP -MF"Drivers/STM32F4xx_HAL_Driver/Src/stm32f4xx_hal_uart.d" -MT"Drivers/STM32F4xx_HAL_Driver/Src/stm32f4xx_hal_uart.o" --specs=nano.specs -mfpu=fpv4-sp-d16 -mfloat-abi=hard -mthumb -o "Drivers/STM32F4xx_HAL_Driver/Src/stm32f4xx_hal_uart.o"
arm-none-eabi-gcc -c "../Drivers/STM32F4xx_HAL_Driver/Src/stm32f4xx_hal_exti.c" -mcpu=cortex-m4 -std=gnu11 -g3 '-D__weak=__attribute__((weak))' '-D__packed=__attribute__((__packed__))' -DUSE_HAL_DRIVER -DSTM32F446xx -c -I../Inc -I../Drivers/STM32F4xx_HAL_Driver/Inc -I../Drivers/STM32F4xx_HAL_Driver/Inc/Legacy -I../Drivers/CMSIS/Device/ST/STM32F4xx/Include -I../Drivers/CMSIS/Include -Os -ffunction-sections -fdata-sections -Wall -fstack-usage -MMD -MP -MF"Drivers/STM32F4xx_HAL_Driver/Src/stm32f4xx_hal_exti.d" -MT"Drivers/STM32F4xx_HAL_Driver/Src/stm32f4xx_hal_exti.o" --specs=nano.specs -mfpu=fpv4-sp-d16 -mfloat-abi=hard -mthumb -o "Drivers/STM32F4xx_HAL_Driver/Src/stm32f4xx_hal_exti.o"
arm-none-eabi-gcc -o "446RE_EXTI.elf" @"objects.list"   -mcpu=cortex-m4 -T"../STM32F446RE_FLASH.ld" --specs=nosys.specs -Wl,-Map="446RE_EXTI.map" -Wl,--gc-sections -static --specs=nano.specs -mfpu=fpv4-sp-d16 -mfloat-abi=hard -mthumb -Wl,--start-group -lc -lm -Wl,--end-group
Finished building target: 446RE_EXTI.elf
 
arm-none-eabi-objdump -h -S  446RE_EXTI.elf  > "446RE_EXTI.list"
Finished building: 446RE_EXTI.list
 
arm-none-eabi-size   446RE_EXTI.elf 
   text	   data	    bss	    dec	    hex	filename
   4844	     20	   1632	   6496	   1960	446RE_EXTI.elf
Finished building: default.size.stdout
 
arm-none-eabi-objcopy  -O binary  446RE_EXTI.elf  "446RE_EXTI.bin"
Finished building: 446RE_EXTI.bin
 
